###############################################################################
#
# IAR ELF Linker V8.30.1.114/W32 for ARM                  13/Nov/2018  19:24:45
# Copyright 2007-2018 IAR Systems AB.
#
#    Output file  =  
#        E:\git_newcode\huawei\LiteOS\targets\Cloud_STM32F429IGTx_FIRE\EWARM\Debug\Exe\Huawei_LiteOS.out
#    Map file     =  
#        E:\git_newcode\huawei\LiteOS\targets\Cloud_STM32F429IGTx_FIRE\EWARM\Debug\List\Huawei_LiteOS.map
#    Command line =  
#        -f C:\Users\ADMINI~1\AppData\Local\Temp\EW116A.tmp
#        (E:\git_newcode\huawei\LiteOS\targets\Cloud_STM32F429IGTx_FIRE\EWARM\Debug\Obj\aes.o
#        E:\git_newcode\huawei\LiteOS\targets\Cloud_STM32F429IGTx_FIRE\EWARM\Debug\Obj\aesni.o
#        E:\git_newcode\huawei\LiteOS\targets\Cloud_STM32F429IGTx_FIRE\EWARM\Debug\Obj\agent_tiny_cmd_ioctl.o
#        E:\git_newcode\huawei\LiteOS\targets\Cloud_STM32F429IGTx_FIRE\EWARM\Debug\Obj\agent_tiny_demo.o
#        E:\git_newcode\huawei\LiteOS\targets\Cloud_STM32F429IGTx_FIRE\EWARM\Debug\Obj\agenttiny.o
#        E:\git_newcode\huawei\LiteOS\targets\Cloud_STM32F429IGTx_FIRE\EWARM\Debug\Obj\api_lib.o
#        E:\git_newcode\huawei\LiteOS\targets\Cloud_STM32F429IGTx_FIRE\EWARM\Debug\Obj\api_msg.o
#        E:\git_newcode\huawei\LiteOS\targets\Cloud_STM32F429IGTx_FIRE\EWARM\Debug\Obj\arc4.o
#        E:\git_newcode\huawei\LiteOS\targets\Cloud_STM32F429IGTx_FIRE\EWARM\Debug\Obj\asn1parse.o
#        E:\git_newcode\huawei\LiteOS\targets\Cloud_STM32F429IGTx_FIRE\EWARM\Debug\Obj\asn1write.o
#        E:\git_newcode\huawei\LiteOS\targets\Cloud_STM32F429IGTx_FIRE\EWARM\Debug\Obj\at_api.o
#        E:\git_newcode\huawei\LiteOS\targets\Cloud_STM32F429IGTx_FIRE\EWARM\Debug\Obj\at_hal.o
#        E:\git_newcode\huawei\LiteOS\targets\Cloud_STM32F429IGTx_FIRE\EWARM\Debug\Obj\at_main.o
#        E:\git_newcode\huawei\LiteOS\targets\Cloud_STM32F429IGTx_FIRE\EWARM\Debug\Obj\atiny_fota_manager.o
#        E:\git_newcode\huawei\LiteOS\targets\Cloud_STM32F429IGTx_FIRE\EWARM\Debug\Obj\atiny_fota_state.o
#        E:\git_newcode\huawei\LiteOS\targets\Cloud_STM32F429IGTx_FIRE\EWARM\Debug\Obj\atiny_osdep.o
#        E:\git_newcode\huawei\LiteOS\targets\Cloud_STM32F429IGTx_FIRE\EWARM\Debug\Obj\atiny_rpt.o
#        E:\git_newcode\huawei\LiteOS\targets\Cloud_STM32F429IGTx_FIRE\EWARM\Debug\Obj\atiny_socket.o
#        E:\git_newcode\huawei\LiteOS\targets\Cloud_STM32F429IGTx_FIRE\EWARM\Debug\Obj\autoip.o
#        E:\git_newcode\huawei\LiteOS\targets\Cloud_STM32F429IGTx_FIRE\EWARM\Debug\Obj\base64.o
#        E:\git_newcode\huawei\LiteOS\targets\Cloud_STM32F429IGTx_FIRE\EWARM\Debug\Obj\bc95.o
#        E:\git_newcode\huawei\LiteOS\targets\Cloud_STM32F429IGTx_FIRE\EWARM\Debug\Obj\bignum.o
#        E:\git_newcode\huawei\LiteOS\targets\Cloud_STM32F429IGTx_FIRE\EWARM\Debug\Obj\block1.o
#        E:\git_newcode\huawei\LiteOS\targets\Cloud_STM32F429IGTx_FIRE\EWARM\Debug\Obj\blowfish.o
#        E:\git_newcode\huawei\LiteOS\targets\Cloud_STM32F429IGTx_FIRE\EWARM\Debug\Obj\bootstrap.o
#        E:\git_newcode\huawei\LiteOS\targets\Cloud_STM32F429IGTx_FIRE\EWARM\Debug\Obj\camellia.o
#        E:\git_newcode\huawei\LiteOS\targets\Cloud_STM32F429IGTx_FIRE\EWARM\Debug\Obj\ccm.o
#        E:\git_newcode\huawei\LiteOS\targets\Cloud_STM32F429IGTx_FIRE\EWARM\Debug\Obj\certs.o
#        E:\git_newcode\huawei\LiteOS\targets\Cloud_STM32F429IGTx_FIRE\EWARM\Debug\Obj\cipher.o
#        E:\git_newcode\huawei\LiteOS\targets\Cloud_STM32F429IGTx_FIRE\EWARM\Debug\Obj\cipher_wrap.o
#        E:\git_newcode\huawei\LiteOS\targets\Cloud_STM32F429IGTx_FIRE\EWARM\Debug\Obj\cmac.o
#        E:\git_newcode\huawei\LiteOS\targets\Cloud_STM32F429IGTx_FIRE\EWARM\Debug\Obj\cmsis_liteos.o
#        E:\git_newcode\huawei\LiteOS\targets\Cloud_STM32F429IGTx_FIRE\EWARM\Debug\Obj\commandline.o
#        E:\git_newcode\huawei\LiteOS\targets\Cloud_STM32F429IGTx_FIRE\EWARM\Debug\Obj\connection.o
#        E:\git_newcode\huawei\LiteOS\targets\Cloud_STM32F429IGTx_FIRE\EWARM\Debug\Obj\ctr_drbg.o
#        E:\git_newcode\huawei\LiteOS\targets\Cloud_STM32F429IGTx_FIRE\EWARM\Debug\Obj\data.o
#        E:\git_newcode\huawei\LiteOS\targets\Cloud_STM32F429IGTx_FIRE\EWARM\Debug\Obj\debug.o
#        E:\git_newcode\huawei\LiteOS\targets\Cloud_STM32F429IGTx_FIRE\EWARM\Debug\Obj\def.o
#        E:\git_newcode\huawei\LiteOS\targets\Cloud_STM32F429IGTx_FIRE\EWARM\Debug\Obj\des.o
#        E:\git_newcode\huawei\LiteOS\targets\Cloud_STM32F429IGTx_FIRE\EWARM\Debug\Obj\dhcp.o
#        E:\git_newcode\huawei\LiteOS\targets\Cloud_STM32F429IGTx_FIRE\EWARM\Debug\Obj\dhm.o
#        E:\git_newcode\huawei\LiteOS\targets\Cloud_STM32F429IGTx_FIRE\EWARM\Debug\Obj\discover.o
#        E:\git_newcode\huawei\LiteOS\targets\Cloud_STM32F429IGTx_FIRE\EWARM\Debug\Obj\dns.o
#        E:\git_newcode\huawei\LiteOS\targets\Cloud_STM32F429IGTx_FIRE\EWARM\Debug\Obj\dtls_interface.o
#        E:\git_newcode\huawei\LiteOS\targets\Cloud_STM32F429IGTx_FIRE\EWARM\Debug\Obj\dwt.o
#        E:\git_newcode\huawei\LiteOS\targets\Cloud_STM32F429IGTx_FIRE\EWARM\Debug\Obj\ecdh.o
#        E:\git_newcode\huawei\LiteOS\targets\Cloud_STM32F429IGTx_FIRE\EWARM\Debug\Obj\ecdsa.o
#        E:\git_newcode\huawei\LiteOS\targets\Cloud_STM32F429IGTx_FIRE\EWARM\Debug\Obj\ecjpake.o
#        E:\git_newcode\huawei\LiteOS\targets\Cloud_STM32F429IGTx_FIRE\EWARM\Debug\Obj\ecp.o
#        E:\git_newcode\huawei\LiteOS\targets\Cloud_STM32F429IGTx_FIRE\EWARM\Debug\Obj\ecp_curves.o
#        E:\git_newcode\huawei\LiteOS\targets\Cloud_STM32F429IGTx_FIRE\EWARM\Debug\Obj\entropy.o
#        E:\git_newcode\huawei\LiteOS\targets\Cloud_STM32F429IGTx_FIRE\EWARM\Debug\Obj\entropy_hardware_poll.o
#        E:\git_newcode\huawei\LiteOS\targets\Cloud_STM32F429IGTx_FIRE\EWARM\Debug\Obj\entropy_poll.o
#        E:\git_newcode\huawei\LiteOS\targets\Cloud_STM32F429IGTx_FIRE\EWARM\Debug\Obj\er-coap-13.o
#        E:\git_newcode\huawei\LiteOS\targets\Cloud_STM32F429IGTx_FIRE\EWARM\Debug\Obj\err.o
#        E:\git_newcode\huawei\LiteOS\targets\Cloud_STM32F429IGTx_FIRE\EWARM\Debug\Obj\error.o
#        E:\git_newcode\huawei\LiteOS\targets\Cloud_STM32F429IGTx_FIRE\EWARM\Debug\Obj\esp8266.o
#        E:\git_newcode\huawei\LiteOS\targets\Cloud_STM32F429IGTx_FIRE\EWARM\Debug\Obj\eth.o
#        E:\git_newcode\huawei\LiteOS\targets\Cloud_STM32F429IGTx_FIRE\EWARM\Debug\Obj\etharp.o
#        E:\git_newcode\huawei\LiteOS\targets\Cloud_STM32F429IGTx_FIRE\EWARM\Debug\Obj\ethernet.o
#        E:\git_newcode\huawei\LiteOS\targets\Cloud_STM32F429IGTx_FIRE\EWARM\Debug\Obj\ethernetif.o
#        E:\git_newcode\huawei\LiteOS\targets\Cloud_STM32F429IGTx_FIRE\EWARM\Debug\Obj\firmware_update.o
#        E:\git_newcode\huawei\LiteOS\targets\Cloud_STM32F429IGTx_FIRE\EWARM\Debug\Obj\flag_manager.o
#        E:\git_newcode\huawei\LiteOS\targets\Cloud_STM32F429IGTx_FIRE\EWARM\Debug\Obj\gcm.o
#        E:\git_newcode\huawei\LiteOS\targets\Cloud_STM32F429IGTx_FIRE\EWARM\Debug\Obj\hal_flash.o
#        E:\git_newcode\huawei\LiteOS\targets\Cloud_STM32F429IGTx_FIRE\EWARM\Debug\Obj\hal_iwdg.o
#        E:\git_newcode\huawei\LiteOS\targets\Cloud_STM32F429IGTx_FIRE\EWARM\Debug\Obj\hal_rng.o
#        E:\git_newcode\huawei\LiteOS\targets\Cloud_STM32F429IGTx_FIRE\EWARM\Debug\Obj\hal_spi_flash.o
#        E:\git_newcode\huawei\LiteOS\targets\Cloud_STM32F429IGTx_FIRE\EWARM\Debug\Obj\havege.o
#        E:\git_newcode\huawei\LiteOS\targets\Cloud_STM32F429IGTx_FIRE\EWARM\Debug\Obj\hmac_drbg.o
#        E:\git_newcode\huawei\LiteOS\targets\Cloud_STM32F429IGTx_FIRE\Lib\hwpatch_iar.a
#        E:\git_newcode\huawei\LiteOS\targets\Cloud_STM32F429IGTx_FIRE\EWARM\Debug\Obj\icmp.o
#        E:\git_newcode\huawei\LiteOS\targets\Cloud_STM32F429IGTx_FIRE\EWARM\Debug\Obj\igmp.o
#        E:\git_newcode\huawei\LiteOS\targets\Cloud_STM32F429IGTx_FIRE\EWARM\Debug\Obj\inet_chksum.o
#        E:\git_newcode\huawei\LiteOS\targets\Cloud_STM32F429IGTx_FIRE\EWARM\Debug\Obj\init.o
#        E:\git_newcode\huawei\LiteOS\targets\Cloud_STM32F429IGTx_FIRE\EWARM\Debug\Obj\ip.o
#        E:\git_newcode\huawei\LiteOS\targets\Cloud_STM32F429IGTx_FIRE\EWARM\Debug\Obj\ip4.o
#        E:\git_newcode\huawei\LiteOS\targets\Cloud_STM32F429IGTx_FIRE\EWARM\Debug\Obj\ip4_addr.o
#        E:\git_newcode\huawei\LiteOS\targets\Cloud_STM32F429IGTx_FIRE\EWARM\Debug\Obj\ip4_frag.o
#        E:\git_newcode\huawei\LiteOS\targets\Cloud_STM32F429IGTx_FIRE\EWARM\Debug\Obj\json.o
#        E:\git_newcode\huawei\LiteOS\targets\Cloud_STM32F429IGTx_FIRE\EWARM\Debug\Obj\liblwm2m.o
#        E:\git_newcode\huawei\LiteOS\targets\Cloud_STM32F429IGTx_FIRE\EWARM\Debug\Obj\list.o
#        E:\git_newcode\huawei\LiteOS\targets\Cloud_STM32F429IGTx_FIRE\EWARM\Debug\Obj\los_dispatch_iar.o
#        E:\git_newcode\huawei\LiteOS\targets\Cloud_STM32F429IGTx_FIRE\EWARM\Debug\Obj\los_err.o
#        E:\git_newcode\huawei\LiteOS\targets\Cloud_STM32F429IGTx_FIRE\EWARM\Debug\Obj\los_event.o
#        E:\git_newcode\huawei\LiteOS\targets\Cloud_STM32F429IGTx_FIRE\EWARM\Debug\Obj\los_heap.o
#        E:\git_newcode\huawei\LiteOS\targets\Cloud_STM32F429IGTx_FIRE\EWARM\Debug\Obj\los_hw.o
#        E:\git_newcode\huawei\LiteOS\targets\Cloud_STM32F429IGTx_FIRE\EWARM\Debug\Obj\los_hw_tick.o
#        E:\git_newcode\huawei\LiteOS\targets\Cloud_STM32F429IGTx_FIRE\EWARM\Debug\Obj\los_hwi.o
#        E:\git_newcode\huawei\LiteOS\targets\Cloud_STM32F429IGTx_FIRE\EWARM\Debug\Obj\los_init.o
#        E:\git_newcode\huawei\LiteOS\targets\Cloud_STM32F429IGTx_FIRE\EWARM\Debug\Obj\los_membox.o
#        E:\git_newcode\huawei\LiteOS\targets\Cloud_STM32F429IGTx_FIRE\EWARM\Debug\Obj\los_memcheck.o
#        E:\git_newcode\huawei\LiteOS\targets\Cloud_STM32F429IGTx_FIRE\EWARM\Debug\Obj\los_memory.o
#        E:\git_newcode\huawei\LiteOS\targets\Cloud_STM32F429IGTx_FIRE\EWARM\Debug\Obj\los_misc.o
#        E:\git_newcode\huawei\LiteOS\targets\Cloud_STM32F429IGTx_FIRE\EWARM\Debug\Obj\los_mux.o
#        E:\git_newcode\huawei\LiteOS\targets\Cloud_STM32F429IGTx_FIRE\EWARM\Debug\Obj\los_nb_api.o
#        E:\git_newcode\huawei\LiteOS\targets\Cloud_STM32F429IGTx_FIRE\EWARM\Debug\Obj\los_priqueue.o
#        E:\git_newcode\huawei\LiteOS\targets\Cloud_STM32F429IGTx_FIRE\EWARM\Debug\Obj\los_queue.o
#        E:\git_newcode\huawei\LiteOS\targets\Cloud_STM32F429IGTx_FIRE\EWARM\Debug\Obj\los_sem.o
#        E:\git_newcode\huawei\LiteOS\targets\Cloud_STM32F429IGTx_FIRE\EWARM\Debug\Obj\los_slab.o
#        E:\git_newcode\huawei\LiteOS\targets\Cloud_STM32F429IGTx_FIRE\EWARM\Debug\Obj\los_slabmem.o
#        E:\git_newcode\huawei\LiteOS\targets\Cloud_STM32F429IGTx_FIRE\EWARM\Debug\Obj\los_startup_iar.o
#        E:\git_newcode\huawei\LiteOS\targets\Cloud_STM32F429IGTx_FIRE\EWARM\Debug\Obj\los_swtmr.o
#        E:\git_newcode\huawei\LiteOS\targets\Cloud_STM32F429IGTx_FIRE\EWARM\Debug\Obj\los_sys.o
#        E:\git_newcode\huawei\LiteOS\targets\Cloud_STM32F429IGTx_FIRE\EWARM\Debug\Obj\los_task.o
#        E:\git_newcode\huawei\LiteOS\targets\Cloud_STM32F429IGTx_FIRE\EWARM\Debug\Obj\los_tick.o
#        E:\git_newcode\huawei\LiteOS\targets\Cloud_STM32F429IGTx_FIRE\EWARM\Debug\Obj\los_timeslice.o
#        E:\git_newcode\huawei\LiteOS\targets\Cloud_STM32F429IGTx_FIRE\EWARM\Debug\Obj\main.o
#        E:\git_newcode\huawei\LiteOS\targets\Cloud_STM32F429IGTx_FIRE\EWARM\Debug\Obj\management.o
#        E:\git_newcode\huawei\LiteOS\targets\Cloud_STM32F429IGTx_FIRE\EWARM\Debug\Obj\md.o
#        E:\git_newcode\huawei\LiteOS\targets\Cloud_STM32F429IGTx_FIRE\EWARM\Debug\Obj\md2.o
#        E:\git_newcode\huawei\LiteOS\targets\Cloud_STM32F429IGTx_FIRE\EWARM\Debug\Obj\md4.o
#        E:\git_newcode\huawei\LiteOS\targets\Cloud_STM32F429IGTx_FIRE\EWARM\Debug\Obj\md5.o
#        E:\git_newcode\huawei\LiteOS\targets\Cloud_STM32F429IGTx_FIRE\EWARM\Debug\Obj\md_wrap.o
#        E:\git_newcode\huawei\LiteOS\targets\Cloud_STM32F429IGTx_FIRE\EWARM\Debug\Obj\mem.o
#        E:\git_newcode\huawei\LiteOS\targets\Cloud_STM32F429IGTx_FIRE\EWARM\Debug\Obj\memory_buffer_alloc.o
#        E:\git_newcode\huawei\LiteOS\targets\Cloud_STM32F429IGTx_FIRE\EWARM\Debug\Obj\memp.o
#        E:\git_newcode\huawei\LiteOS\targets\Cloud_STM32F429IGTx_FIRE\EWARM\Debug\Obj\net_sockets.o
#        E:\git_newcode\huawei\LiteOS\targets\Cloud_STM32F429IGTx_FIRE\EWARM\Debug\Obj\net_sockets_alt.o
#        E:\git_newcode\huawei\LiteOS\targets\Cloud_STM32F429IGTx_FIRE\EWARM\Debug\Obj\netbuf.o
#        E:\git_newcode\huawei\LiteOS\targets\Cloud_STM32F429IGTx_FIRE\EWARM\Debug\Obj\netdb.o
#        E:\git_newcode\huawei\LiteOS\targets\Cloud_STM32F429IGTx_FIRE\EWARM\Debug\Obj\netif.o
#        E:\git_newcode\huawei\LiteOS\targets\Cloud_STM32F429IGTx_FIRE\EWARM\Debug\Obj\netifapi.o
#        E:\git_newcode\huawei\LiteOS\targets\Cloud_STM32F429IGTx_FIRE\EWARM\Debug\Obj\object_access_control.o
#        E:\git_newcode\huawei\LiteOS\targets\Cloud_STM32F429IGTx_FIRE\EWARM\Debug\Obj\object_binary_app_data_container.o
#        E:\git_newcode\huawei\LiteOS\targets\Cloud_STM32F429IGTx_FIRE\EWARM\Debug\Obj\object_connectivity_moni.o
#        E:\git_newcode\huawei\LiteOS\targets\Cloud_STM32F429IGTx_FIRE\EWARM\Debug\Obj\object_device.o
#        E:\git_newcode\huawei\LiteOS\targets\Cloud_STM32F429IGTx_FIRE\EWARM\Debug\Obj\object_firmware.o
#        E:\git_newcode\huawei\LiteOS\targets\Cloud_STM32F429IGTx_FIRE\EWARM\Debug\Obj\object_location.o
#        E:\git_newcode\huawei\LiteOS\targets\Cloud_STM32F429IGTx_FIRE\EWARM\Debug\Obj\object_security.o
#        E:\git_newcode\huawei\LiteOS\targets\Cloud_STM32F429IGTx_FIRE\EWARM\Debug\Obj\object_server.o
#        E:\git_newcode\huawei\LiteOS\targets\Cloud_STM32F429IGTx_FIRE\EWARM\Debug\Obj\objects.o
#        E:\git_newcode\huawei\LiteOS\targets\Cloud_STM32F429IGTx_FIRE\EWARM\Debug\Obj\observe.o
#        E:\git_newcode\huawei\LiteOS\targets\Cloud_STM32F429IGTx_FIRE\EWARM\Debug\Obj\oid.o
#        E:\git_newcode\huawei\LiteOS\targets\Cloud_STM32F429IGTx_FIRE\EWARM\Debug\Obj\ota_crc.o
#        E:\git_newcode\huawei\LiteOS\targets\Cloud_STM32F429IGTx_FIRE\EWARM\Debug\Obj\ota_port.o
#        E:\git_newcode\huawei\LiteOS\targets\Cloud_STM32F429IGTx_FIRE\EWARM\Debug\Obj\package.o
#        E:\git_newcode\huawei\LiteOS\targets\Cloud_STM32F429IGTx_FIRE\EWARM\Debug\Obj\package_checksum.o
#        E:\git_newcode\huawei\LiteOS\targets\Cloud_STM32F429IGTx_FIRE\EWARM\Debug\Obj\package_head.o
#        E:\git_newcode\huawei\LiteOS\targets\Cloud_STM32F429IGTx_FIRE\EWARM\Debug\Obj\package_writer.o
#        E:\git_newcode\huawei\LiteOS\targets\Cloud_STM32F429IGTx_FIRE\EWARM\Debug\Obj\packet.o
#        E:\git_newcode\huawei\LiteOS\targets\Cloud_STM32F429IGTx_FIRE\EWARM\Debug\Obj\padlock.o
#        E:\git_newcode\huawei\LiteOS\targets\Cloud_STM32F429IGTx_FIRE\EWARM\Debug\Obj\pbuf.o
#        E:\git_newcode\huawei\LiteOS\targets\Cloud_STM32F429IGTx_FIRE\EWARM\Debug\Obj\pem.o
#        E:\git_newcode\huawei\LiteOS\targets\Cloud_STM32F429IGTx_FIRE\EWARM\Debug\Obj\pk.o
#        E:\git_newcode\huawei\LiteOS\targets\Cloud_STM32F429IGTx_FIRE\EWARM\Debug\Obj\pk_wrap.o
#        E:\git_newcode\huawei\LiteOS\targets\Cloud_STM32F429IGTx_FIRE\EWARM\Debug\Obj\pkcs11.o
#        E:\git_newcode\huawei\LiteOS\targets\Cloud_STM32F429IGTx_FIRE\EWARM\Debug\Obj\pkcs12.o
#        E:\git_newcode\huawei\LiteOS\targets\Cloud_STM32F429IGTx_FIRE\EWARM\Debug\Obj\pkcs5.o
#        E:\git_newcode\huawei\LiteOS\targets\Cloud_STM32F429IGTx_FIRE\EWARM\Debug\Obj\pkparse.o
#        E:\git_newcode\huawei\LiteOS\targets\Cloud_STM32F429IGTx_FIRE\EWARM\Debug\Obj\pkwrite.o
#        E:\git_newcode\huawei\LiteOS\targets\Cloud_STM32F429IGTx_FIRE\EWARM\Debug\Obj\platform.o
#        E:\git_newcode\huawei\LiteOS\targets\Cloud_STM32F429IGTx_FIRE\EWARM\Debug\Obj\platform_adapter.o
#        E:\git_newcode\huawei\LiteOS\targets\Cloud_STM32F429IGTx_FIRE\EWARM\Debug\Obj\raw.o
#        E:\git_newcode\huawei\LiteOS\targets\Cloud_STM32F429IGTx_FIRE\EWARM\Debug\Obj\registration.o
#        E:\git_newcode\huawei\LiteOS\targets\Cloud_STM32F429IGTx_FIRE\EWARM\Debug\Obj\ripemd160.o
#        E:\git_newcode\huawei\LiteOS\targets\Cloud_STM32F429IGTx_FIRE\EWARM\Debug\Obj\rsa.o
#        E:\git_newcode\huawei\LiteOS\targets\Cloud_STM32F429IGTx_FIRE\EWARM\Debug\Obj\sha1.o
#        E:\git_newcode\huawei\LiteOS\targets\Cloud_STM32F429IGTx_FIRE\EWARM\Debug\Obj\sha256.o
#        E:\git_newcode\huawei\LiteOS\targets\Cloud_STM32F429IGTx_FIRE\EWARM\Debug\Obj\sha512.o
#        E:\git_newcode\huawei\LiteOS\targets\Cloud_STM32F429IGTx_FIRE\EWARM\Debug\Obj\sim900a.o
#        E:\git_newcode\huawei\LiteOS\targets\Cloud_STM32F429IGTx_FIRE\EWARM\Debug\Obj\sockets.o
#        E:\git_newcode\huawei\LiteOS\targets\Cloud_STM32F429IGTx_FIRE\EWARM\Debug\Obj\ssl_cache.o
#        E:\git_newcode\huawei\LiteOS\targets\Cloud_STM32F429IGTx_FIRE\EWARM\Debug\Obj\ssl_ciphersuites.o
#        E:\git_newcode\huawei\LiteOS\targets\Cloud_STM32F429IGTx_FIRE\EWARM\Debug\Obj\ssl_cli.o
#        E:\git_newcode\huawei\LiteOS\targets\Cloud_STM32F429IGTx_FIRE\EWARM\Debug\Obj\ssl_cookie.o
#        E:\git_newcode\huawei\LiteOS\targets\Cloud_STM32F429IGTx_FIRE\EWARM\Debug\Obj\ssl_srv.o
#        E:\git_newcode\huawei\LiteOS\targets\Cloud_STM32F429IGTx_FIRE\EWARM\Debug\Obj\ssl_ticket.o
#        E:\git_newcode\huawei\LiteOS\targets\Cloud_STM32F429IGTx_FIRE\EWARM\Debug\Obj\ssl_tls.o
#        E:\git_newcode\huawei\LiteOS\targets\Cloud_STM32F429IGTx_FIRE\EWARM\Debug\Obj\stats.o
#        E:\git_newcode\huawei\LiteOS\targets\Cloud_STM32F429IGTx_FIRE\EWARM\Debug\Obj\stm32f4xx_hal.o
#        E:\git_newcode\huawei\LiteOS\targets\Cloud_STM32F429IGTx_FIRE\EWARM\Debug\Obj\stm32f4xx_hal_cortex.o
#        E:\git_newcode\huawei\LiteOS\targets\Cloud_STM32F429IGTx_FIRE\EWARM\Debug\Obj\stm32f4xx_hal_dma.o
#        E:\git_newcode\huawei\LiteOS\targets\Cloud_STM32F429IGTx_FIRE\EWARM\Debug\Obj\stm32f4xx_hal_dma_ex.o
#        E:\git_newcode\huawei\LiteOS\targets\Cloud_STM32F429IGTx_FIRE\EWARM\Debug\Obj\stm32f4xx_hal_eth.o
#        E:\git_newcode\huawei\LiteOS\targets\Cloud_STM32F429IGTx_FIRE\EWARM\Debug\Obj\stm32f4xx_hal_flash.o
#        E:\git_newcode\huawei\LiteOS\targets\Cloud_STM32F429IGTx_FIRE\EWARM\Debug\Obj\stm32f4xx_hal_flash_ramfunc.o
#        E:\git_newcode\huawei\LiteOS\targets\Cloud_STM32F429IGTx_FIRE\EWARM\Debug\Obj\stm32f4xx_hal_gpio.o
#        E:\git_newcode\huawei\LiteOS\targets\Cloud_STM32F429IGTx_FIRE\EWARM\Debug\Obj\stm32f4xx_hal_iwdg.o
#        E:\git_newcode\huawei\LiteOS\targets\Cloud_STM32F429IGTx_FIRE\EWARM\Debug\Obj\stm32f4xx_hal_pwr.o
#        E:\git_newcode\huawei\LiteOS\targets\Cloud_STM32F429IGTx_FIRE\EWARM\Debug\Obj\stm32f4xx_hal_pwr_ex.o
#        E:\git_newcode\huawei\LiteOS\targets\Cloud_STM32F429IGTx_FIRE\EWARM\Debug\Obj\stm32f4xx_hal_rcc.o
#        E:\git_newcode\huawei\LiteOS\targets\Cloud_STM32F429IGTx_FIRE\EWARM\Debug\Obj\stm32f4xx_hal_rcc_ex.o
#        E:\git_newcode\huawei\LiteOS\targets\Cloud_STM32F429IGTx_FIRE\EWARM\Debug\Obj\stm32f4xx_hal_rng.o
#        E:\git_newcode\huawei\LiteOS\targets\Cloud_STM32F429IGTx_FIRE\EWARM\Debug\Obj\stm32f4xx_hal_spdifrx.o
#        E:\git_newcode\huawei\LiteOS\targets\Cloud_STM32F429IGTx_FIRE\EWARM\Debug\Obj\stm32f4xx_hal_spi.o
#        E:\git_newcode\huawei\LiteOS\targets\Cloud_STM32F429IGTx_FIRE\EWARM\Debug\Obj\stm32f4xx_hal_tim.o
#        E:\git_newcode\huawei\LiteOS\targets\Cloud_STM32F429IGTx_FIRE\EWARM\Debug\Obj\stm32f4xx_hal_tim_ex.o
#        E:\git_newcode\huawei\LiteOS\targets\Cloud_STM32F429IGTx_FIRE\EWARM\Debug\Obj\stm32f4xx_hal_uart.o
#        E:\git_newcode\huawei\LiteOS\targets\Cloud_STM32F429IGTx_FIRE\EWARM\Debug\Obj\sys.o
#        E:\git_newcode\huawei\LiteOS\targets\Cloud_STM32F429IGTx_FIRE\EWARM\Debug\Obj\sys_arch.o
#        E:\git_newcode\huawei\LiteOS\targets\Cloud_STM32F429IGTx_FIRE\EWARM\Debug\Obj\sys_init.o
#        E:\git_newcode\huawei\LiteOS\targets\Cloud_STM32F429IGTx_FIRE\EWARM\Debug\Obj\system_stm32f4xx.o
#        E:\git_newcode\huawei\LiteOS\targets\Cloud_STM32F429IGTx_FIRE\EWARM\Debug\Obj\tcp.o
#        E:\git_newcode\huawei\LiteOS\targets\Cloud_STM32F429IGTx_FIRE\EWARM\Debug\Obj\tcp_in.o
#        E:\git_newcode\huawei\LiteOS\targets\Cloud_STM32F429IGTx_FIRE\EWARM\Debug\Obj\tcp_out.o
#        E:\git_newcode\huawei\LiteOS\targets\Cloud_STM32F429IGTx_FIRE\EWARM\Debug\Obj\tcpip.o
#        E:\git_newcode\huawei\LiteOS\targets\Cloud_STM32F429IGTx_FIRE\EWARM\Debug\Obj\threading.o
#        E:\git_newcode\huawei\LiteOS\targets\Cloud_STM32F429IGTx_FIRE\EWARM\Debug\Obj\timeouts.o
#        E:\git_newcode\huawei\LiteOS\targets\Cloud_STM32F429IGTx_FIRE\EWARM\Debug\Obj\timing.o
#        E:\git_newcode\huawei\LiteOS\targets\Cloud_STM32F429IGTx_FIRE\EWARM\Debug\Obj\timing_alt.o
#        E:\git_newcode\huawei\LiteOS\targets\Cloud_STM32F429IGTx_FIRE\EWARM\Debug\Obj\tlv.o
#        E:\git_newcode\huawei\LiteOS\targets\Cloud_STM32F429IGTx_FIRE\EWARM\Debug\Obj\transaction.o
#        E:\git_newcode\huawei\LiteOS\targets\Cloud_STM32F429IGTx_FIRE\EWARM\Debug\Obj\udp.o
#        E:\git_newcode\huawei\LiteOS\targets\Cloud_STM32F429IGTx_FIRE\EWARM\Debug\Obj\upgrade_flag.o
#        E:\git_newcode\huawei\LiteOS\targets\Cloud_STM32F429IGTx_FIRE\EWARM\Debug\Obj\uri.o
#        E:\git_newcode\huawei\LiteOS\targets\Cloud_STM32F429IGTx_FIRE\EWARM\Debug\Obj\usart.o
#        E:\git_newcode\huawei\LiteOS\targets\Cloud_STM32F429IGTx_FIRE\EWARM\Debug\Obj\util_timer.o
#        E:\git_newcode\huawei\LiteOS\targets\Cloud_STM32F429IGTx_FIRE\EWARM\Debug\Obj\utils.o
#        E:\git_newcode\huawei\LiteOS\targets\Cloud_STM32F429IGTx_FIRE\EWARM\Debug\Obj\version.o
#        E:\git_newcode\huawei\LiteOS\targets\Cloud_STM32F429IGTx_FIRE\EWARM\Debug\Obj\version_features.o
#        E:\git_newcode\huawei\LiteOS\targets\Cloud_STM32F429IGTx_FIRE\EWARM\Debug\Obj\x509.o
#        E:\git_newcode\huawei\LiteOS\targets\Cloud_STM32F429IGTx_FIRE\EWARM\Debug\Obj\x509_create.o
#        E:\git_newcode\huawei\LiteOS\targets\Cloud_STM32F429IGTx_FIRE\EWARM\Debug\Obj\x509_crl.o
#        E:\git_newcode\huawei\LiteOS\targets\Cloud_STM32F429IGTx_FIRE\EWARM\Debug\Obj\x509_crt.o
#        E:\git_newcode\huawei\LiteOS\targets\Cloud_STM32F429IGTx_FIRE\EWARM\Debug\Obj\x509_csr.o
#        E:\git_newcode\huawei\LiteOS\targets\Cloud_STM32F429IGTx_FIRE\EWARM\Debug\Obj\x509write_crt.o
#        E:\git_newcode\huawei\LiteOS\targets\Cloud_STM32F429IGTx_FIRE\EWARM\Debug\Obj\x509write_csr.o
#        E:\git_newcode\huawei\LiteOS\targets\Cloud_STM32F429IGTx_FIRE\EWARM\Debug\Obj\xtea.o
#        --redirect _Printf=_PrintfSmallNoMb --redirect _Scanf=_ScanfSmallNoMb
#        --no_out_extension -o
#        E:\git_newcode\huawei\LiteOS\targets\Cloud_STM32F429IGTx_FIRE\EWARM\Debug\Exe\Huawei_LiteOS.out
#        --map
#        E:\git_newcode\huawei\LiteOS\targets\Cloud_STM32F429IGTx_FIRE\EWARM\Debug\List\Huawei_LiteOS.map
#        --config
#        E:\git_newcode\huawei\LiteOS\targets\Cloud_STM32F429IGTx_FIRE\EWARM\STM32F429IGTx-LiteOS.icf
#        --semihosting --entry __iar_program_start --redirect
#        __iar_sh_stdout=__iar_sh_stdout_swo --vfe --text_out locale)
#
###############################################################################

*******************************************************************************
*** RUNTIME MODEL ATTRIBUTES
***

CppFlavor       = *
__Heap_Handler  = DLMalloc
__SystemLibrary = DLib
__dlib_version  = 6


*******************************************************************************
*** HEAP SELECTION
***

The advanced heap was selected because the application calls memory
allocation functions outside of system library functions, and there
are calls to deallocation functions in the application.


*******************************************************************************
*** PLACEMENT SUMMARY
***

"A0":  place at 0x800'0000 { ro section .intvec };
"P1":  place in [from 0x2000'0000 to 0x2000'03ff] { rw section .data.vector };
"P2":  place in [from 0x800'0000 to 0x80f'ffff] { ro };
define block CSTACK with size = 1K, alignment = 8 { };
define block HEAP with size = 512, alignment = 8 { };
define block LOS_HEAP with size = 1K, alignment = 8 { };
"P3":  place in [from 0x2000'0400 to 0x2002'ffff] {
          rw, block CSTACK, block HEAP, block LOS_HEAP };
initialize by copy { rw };

No sections matched the following patterns:

  rw section .ccm_ram  in "P4"


  Section            Kind         Address     Size  Object
  -------            ----         -------     ----  ------
"A0":                                         0x40
  .intvec            ro code   0x800'0000     0x40  los_startup_iar.o [1]
                             - 0x800'0040     0x40

"P2":                                      0x2be10
  .text              ro code   0x800'0040   0x4914  ssl_tls.o [1]
  .text              ro code   0x800'4954    0x248  debug.o [1]
  .text              ro code   0x800'4b9c    0x2de  md.o [1]
  .text              ro code   0x800'4e7a     0x7a  lz77_init_single.o [5]
  .text              ro code   0x800'4ef4     0x36  strlen.o [5]
  .text              ro code   0x800'4f2a     0x3a  zero_init3.o [5]
  .text              ro code   0x800'4f64     0xa6  ABImemcpy.o [5]
  .text              ro code   0x800'500a     0x1e  xsscin.o [2]
  .text              ro code   0x800'5028    0x6dc  cipher.o [1]
  .text              ro code   0x800'5704     0x52  ssl_ciphersuites.o [1]
  .text              ro code   0x800'5756     0x1a  xsnprout.o [2]
  .text              ro code   0x800'5770   0x10c6  sha256.o [1]
  .text              ro code   0x800'6836      0xa  xsprout.o [2]
  .text              ro code   0x800'6840     0x66  ABImemset.o [5]
  .rodata            const     0x800'68a6      0x1  er-coap-13.o [1]
  .rodata            const     0x800'68a7      0x1  ssl_ciphersuites.o [1]
  .text              ro code   0x800'68a8     0x96  ABImemmove.o [5]
  .text              ro code   0x800'6940     0x68  memcmp.o [5]
  .text              ro code   0x800'69a8     0x1e  U64Shr.o [5]
  .text              ro code   0x800'69c8     0x22  I64Shl.o [5]
  .text              ro code   0x800'69ec   0x1858  ssl_cli.o [1]
  .text              ro code   0x800'8244   0x1ad4  ssl_srv.o [1]
  .text              ro code   0x800'9d18     0x3c  vsnprint.o [2]
  .text              ro code   0x800'9d54    0x55c  ccm.o [1]
  .text              ro code   0x800'a2b0    0x4d0  xprintfsmall_nomb.o [2]
  .text              ro code   0x800'a780     0x16  strchr.o [5]
  .text              ro code   0x800'a798     0x40  xfail_s.o [2]
  .text              ro code   0x800'a7d8     0x58  memchr.o [5]
  .text              ro code   0x800'a830      0x6  abort.o [2]
  .text              ro code   0x800'a838     0x14  exit.o [6]
  .text              ro code   0x800'a84c   0x1ef0  bignum.o [1]
  .text              ro code   0x800'c73c    0x274  I64DivMod.o [5]
  .text              ro code   0x800'c9b0      0x2  I64DivZer.o [5]
  .text              ro code   0x800'c9b4   0x1520  dlmalloc.o [2]
  .text              ro code   0x800'ded4     0x2c  xgetmemchunk.o [2]
  .text              ro code   0x800'df00      0x6  ABImemclr.o [5]
  .text              ro code   0x800'df08    0xf18  bc95.o [1]
  .text              ro code   0x800'ee20    0xca0  at_main.o [1]
  .text              ro code   0x800'fac0     0x28  printf.o [2]
  .text              ro code   0x800'fae8     0x40  sprintf.o [2]
  .text              ro code   0x800'fb28     0x14  toupper.o [2]
  .text              ro code   0x800'fb3c      0x6  ABImemclr4.o [5]
  .text              ro code   0x800'fb44     0x44  snprintf.o [2]
  .text              ro code   0x800'fb88     0x28  sscanf.o [2]
  .text              ro code   0x800'fbb0     0x30  strstr.o [2]
  .text              ro code   0x800'fbe0     0x70  strncpy.o [5]
  .text              ro code   0x800'fc50    0x5b4  los_queue.o [1]
  .text              ro code   0x801'0204    0xa5e  los_task.o [1]
  .text              ro code   0x801'0c64      0xc  los_sys.o [1]
  .text              ro code   0x801'0c70    0x3b0  los_mux.o [1]
  .text              ro code   0x801'1020    0x318  at_hal.o [1]
  .text              ro code   0x801'1338    0x384  los_sem.o [1]
  .text              ro code   0x801'16bc    0x15c  los_memory.o [1]
  .text              ro code   0x801'1818     0x74  xlocale_c.o [2]
  .text              ro code   0x801'188c     0x32  ABImemset48.o [5]
  .text              ro code   0x801'18c0    0x598  xscanfsmall_nomb.o [2]
  .text              ro code   0x801'1e58     0xf0  los_dispatch_iar.o [1]
  .text              ro code   0x801'1f48     0xd8  los_hw.o [1]
  .text              ro code   0x801'2020    0x12c  los_priqueue.o [1]
  .text              ro code   0x801'214c     0x18  los_misc.o [1]
  .text              ro code   0x801'2164     0x2c  los_err.o [1]
  .text              ro code   0x801'2190    0x4d4  stm32f4xx_hal_uart.o [1]
  .text              ro code   0x801'2664     0xd4  sys_init.o [1]
  .text              ro code   0x801'2738    0x190  los_hwi.o [1]
  .text              ro code   0x801'28c8    0x36c  los_heap.o [1]
  .text              ro code   0x801'2c34    0x176  los_slabmem.o [1]
  .text              ro code   0x801'2daa     0x14  isspace.o [2]
  .text              ro code   0x801'2dbe     0x86  iar_Stolx.o [2]
  .text              ro code   0x801'2e44    0x170  iar_Stoulx.o [2]
  .text              ro code   0x801'2fb4    0x17c  usart.o [1]
  .text              ro code   0x801'3130    0x1fc  stm32f4xx_hal_rcc.o [1]
  .text              ro code   0x801'332c    0x36c  stm32f4xx_hal_rcc.o [1]
  .text              ro code   0x801'3698     0x7c  stm32f4xx_hal_pwr_ex.o [1]
  .text              ro code   0x801'3714    0x100  system_stm32f4xx.o [1]
  .text              ro code   0x801'3814     0x7c  hal_rng.o [1]
  .text              ro code   0x801'3890     0x2c  stm32f4xx_hal_cortex.o [1]
  .text              ro code   0x801'38bc    0x174  los_slab.o [1]
  .text              ro code   0x801'3a30     0x14  tolower.o [2]
  .text              ro code   0x801'3a44    0x244  stm32f4xx_hal_gpio.o [1]
  .text              ro code   0x801'3c88     0x9e  stm32f4xx_hal_rng.o [1]
  .text              ro code   0x801'3d28    0xdc4  er-coap-13.o [1]
  .text              ro code   0x801'4aec     0x64  platform_adapter.o [1]
  .text              ro code   0x801'4b50    0x116  atiny_osdep.o [1]
  .text              ro code   0x801'4c66     0x28  strncmp.o [2]
  .text              ro code   0x801'4c90    0xdac  observe.o [1]
  .text              ro code   0x801'5a3c    0x6e4  utils.o [1]
  .text              ro code   0x801'6120    0x674  data.o [1]
  .text              ro code   0x801'6794    0x358  connection.o [1]
  .text              ro code   0x801'6aec    0x61a  liblwm2m.o [1]
  .text              ro code   0x801'7106     0xf8  list.o [1]
  .text              ro code   0x801'7200    0xc56  objects.o [1]
  .text              ro code   0x801'7e58     0x68  DblToFlt.o [4]
  .text              ro code   0x801'7ec0    0x460  transaction.o [1]
  .text              ro code   0x801'8320    0x498  packet.o [1]
  .text              ro code   0x801'87b8     0x52  S64ToDbl.o [4]
  .text              ro code   0x801'880c     0x2e  DblCmpGe.o [4]
  .text              ro code   0x801'883c     0x2e  DblCmpLe.o [4]
  .text              ro code   0x801'886c     0xe2  DblSub.o [4]
  .text              ro code   0x801'8950    0x744  registration.o [1]
  .text              ro code   0x801'9094    0x1a2  DblMul.o [4]
  .text              ro code   0x801'9238     0x22  S32ToDbl.o [4]
  .text              ro code   0x801'925c    0x17a  DblAdd.o [4]
  .text              ro code   0x801'93d8    0x246  DblDiv.o [4]
  .text              ro code   0x801'9620     0x5c  DblToS64.o [4]
  .text              ro code   0x801'967c     0x48  FltToDbl.o [4]
  .text              ro code   0x801'96c4    0x7d2  tlv.o [1]
  .text              ro code   0x801'9e98    0x99c  discover.o [1]
  .text              ro code   0x801'a834     0x1a  strrchr.o [2]
  .text              ro code   0x801'a850    0x4b0  dtls_interface.o [1]
  .text              ro code   0x801'ad00    0x13a  atiny_socket.o [1]
  .text              ro code   0x801'ae3a    0x10e  block1.o [1]
  .text              ro code   0x801'af48    0x6b8  object_access_control.o [1]
  .text              ro code   0x801'b600      0x2  commandline.o [1]
  .text              ro code   0x801'b604    0x3ca  uri.o [1]
  .text              ro code   0x801'b9d0    0x724  management.o [1]
  .text              ro code   0x801'c0f4     0x1a  U32ToDbl.o [4]
  .text              ro code   0x801'c110     0x28  DblToU32.o [4]
  .text              ro code   0x801'c138    0x3ec  ctr_drbg.o [1]
  .text              ro code   0x801'c524    0x230  entropy.o [1]
  .text              ro code   0x801'c754     0x68  net_sockets_alt.o [1]
  .text              ro code   0x801'c7bc     0x2c  platform.o [1]
  .text              ro code   0x801'c7e8     0xf8  at_api.o [1]
  .text              ro code   0x801'c8e0    0xc80  aes.o [1]
  .text              ro code   0x801'd560    0x7fa  rsa.o [1]
  .text              ro code   0x801'dd5c    0x67c  package_head.o [1]
  .text              ro code   0x801'e3d8    0x560  package_checksum.o [1]
  .text              ro code   0x801'e938    0x624  agenttiny.o [1]
  .text              ro code   0x801'ef5c    0x3f0  atiny_rpt.o [1]
  .text              ro code   0x801'f34c    0x408  atiny_fota_manager.o [1]
  .text              ro code   0x801'f754    0x41c  object_security.o [1]
  .text              ro code   0x801'fb70    0x554  object_server.o [1]
  .text              ro code   0x802'00c4    0x5f4  object_device.o [1]
  .text              ro code   0x802'06b8    0x33c  object_connectivity_moni.o [1]
  .text              ro code   0x802'09f4    0x268  object_firmware.o [1]
  .text              ro code   0x802'0c5c    0x224  object_location.o [1]
  .text              ro code   0x802'0e80    0x580  object_binary_app_data_container.o [1]
  .text              ro code   0x802'1400    0x4f8  agent_tiny_cmd_ioctl.o [1]
  .text              ro code   0x802'18f8     0xec  flag_manager.o [1]
  .text              ro code   0x802'19e4     0x98  upgrade_flag.o [1]
  .text              ro code   0x802'1a7c    0x398  package.o [1]
  .text              ro code   0x802'1e14    0x3d0  atiny_fota_state.o [1]
  .text              ro code   0x802'21e4    0x484  firmware_update.o [1]
  .text              ro code   0x802'2668     0x46  U64ToDbl.o [4]
  .text              ro code   0x802'26b0     0x3c  fprintf.o [2]
  .text              ro code   0x802'26ec     0x28  isprint.o [2]
  .text              ro code   0x802'2714    0x238  ota_port.o [1]
  .text              ro code   0x802'294c     0x38  ota_crc.o [1]
  .text              ro code   0x802'2984    0x3e6  package_writer.o [1]
  .text              ro code   0x802'2d6a     0x14  isalpha.o [2]
  .text              ro code   0x802'2d7e     0x14  ispunct.o [2]
  .text              ro code   0x802'2d94    0x4ec  hal_spi_flash.o [1]
  .text              ro code   0x802'3280     0x34  recover_image.o [3]
  .text              ro code   0x802'32b4    0x364  stm32f4xx_hal_spi.o [1]
  .rodata            const     0x802'3618    0x400  aes.o [1]
  .rodata            const     0x802'3a18    0x400  aes.o [1]
  .rodata            const     0x802'3e18    0x400  aes.o [1]
  .rodata            const     0x802'4218    0x400  aes.o [1]
  .rodata            const     0x802'4618    0x400  aes.o [1]
  .rodata            const     0x802'4a18    0x400  aes.o [1]
  .rodata            const     0x802'4e18    0x400  aes.o [1]
  .rodata            const     0x802'5218    0x400  aes.o [1]
  .rodata            const     0x802'5618    0x400  ota_crc.o [1]
  .text              ro code   0x802'5a18    0x3f0  los_swtmr.o [1]
  .rodata            const     0x802'5e08    0x204  agent_tiny_cmd_ioctl.o [1]
  .text              ro code   0x802'600c    0x170  agent_tiny_demo.o [1]
  .rodata            const     0x802'617c    0x100  aes.o [1]
  .rodata            const     0x802'627c    0x100  aes.o [1]
  .rodata            const     0x802'637c    0x100  sha256.o [1]
  .text              ro code   0x802'647c     0xf0  los_init.o [1]
  .text              ro code   0x802'656c     0xe8  los_hw_tick.o [1]
  .text              ro code   0x802'6654     0x50  los_timeslice.o [1]
  .rodata            const     0x802'66a4     0xc0  ssl_ciphersuites.o [1]
  .text              ro code   0x802'6764     0xaa  cipher_wrap.o [1]
  .text              ro code   0x802'6810     0x9c  los_nb_api.o [1]
  .text              ro code   0x802'68ac     0x88  main.o [1]
  .text              ro code   0x802'6934     0x30  dwt.o [1]
  .text              ro code   0x802'6964     0x80  md_wrap.o [1]
  .rodata            const     0x802'69e4     0x5c  ssl_cli.o [1]
  .rodata            const     0x802'6a40     0x5c  ssl_srv.o [1]
  .rodata            const     0x802'6a9c     0x5c  ssl_tls.o [1]
  .text              ro code   0x802'6af8     0x5c  timing_alt.o [1]
  .rodata            const     0x802'6b54     0x58  ssl_cli.o [1]
  .rodata            const     0x802'6bac     0x50  at_main.o [1]
  .rodata            const     0x802'6bfc     0x50  cipher_wrap.o [1]
  .rodata            const     0x802'6c4c     0x50  ssl_tls.o [1]
  .rodata            const     0x802'6c9c     0x50  sys_init.o [1]
  .rodata            const     0x802'6cec     0x4c  at_hal.o [1]
  .rodata            const     0x802'6d38     0x4c  ssl_cli.o [1]
  .rodata            const     0x802'6d84     0x4c  ssl_tls.o [1]
  .rodata            const     0x802'6dd0     0x4c  usart.o [1]
  .rodata            const     0x802'6e1c     0x48  ssl_tls.o [1]
  .rodata            const     0x802'6e64     0x44  at_main.o [1]
  .rodata            const     0x802'6ea8     0x44  object_binary_app_data_container.o [1]
  .rodata            const     0x802'6eec     0x44  package_checksum.o [1]
  .rodata            const     0x802'6f30     0x44  package_writer.o [1]
  .rodata            const     0x802'6f74     0x44  ssl_tls.o [1]
  .rodata            const     0x802'6fb8     0x40  dtls_interface.o [1]
  .rodata            const     0x802'6ff8     0x40  main.o [1]
  .rodata            const     0x802'7038     0x40  package_head.o [1]
  .rodata            const     0x802'7078     0x40  package_head.o [1]
  .rodata            const     0x802'70b8     0x40  package_writer.o [1]
  .rodata            const     0x802'70f8     0x40  sha256.o [1]
  .rodata            const     0x802'7138     0x40  ssl_srv.o [1]
  .rodata            const     0x802'7178     0x40  ssl_tls.o [1]
  .rodata            const     0x802'71b8     0x40  ssl_tls.o [1]
  .rodata            const     0x802'71f8     0x3c  bc95.o [1]
  .rodata            const     0x802'7234     0x3c  ota_port.o [1]
  .rodata            const     0x802'7270     0x3c  ota_port.o [1]
  .rodata            const     0x802'72ac     0x3c  package_writer.o [1]
  .rodata            const     0x802'72e8     0x3c  ssl_cli.o [1]
  .rodata            const     0x802'7324     0x3c  ssl_tls.o [1]
  .rodata            const     0x802'7360     0x3c  ssl_tls.o [1]
  .rodata            const     0x802'739c     0x3c  ssl_tls.o [1]
  .rodata            const     0x802'73d8     0x3c  ssl_tls.o [1]
  .rodata            const     0x802'7414     0x38  at_main.o [1]
  .rodata            const     0x802'744c     0x38  atiny_socket.o [1]
  .rodata            const     0x802'7484     0x38  dtls_interface.o [1]
  .rodata            const     0x802'74bc     0x38  dtls_interface.o [1]
  .rodata            const     0x802'74f4     0x38  dtls_interface.o [1]
  .rodata            const     0x802'752c     0x38  ssl_tls.o [1]
  .rodata            const     0x802'7564     0x34  at_main.o [1]
  .rodata            const     0x802'7598     0x34  atiny_socket.o [1]
  .rodata            const     0x802'75cc     0x34  bc95.o [1]
  .rodata            const     0x802'7600     0x34  bc95.o [1]
  .rodata            const     0x802'7634     0x34  dtls_interface.o [1]
  .rodata            const     0x802'7668     0x34  dtls_interface.o [1]
  .rodata            const     0x802'769c     0x34  dtls_interface.o [1]
  .rodata            const     0x802'76d0     0x34  los_task.o [1]
  .rodata            const     0x802'7704     0x34  package_head.o [1]
  .rodata            const     0x802'7738     0x34  package_head.o [1]
  .rodata            const     0x802'776c     0x34  ssl_cli.o [1]
  .rodata            const     0x802'77a0     0x34  ssl_cli.o [1]
  .rodata            const     0x802'77d4     0x34  ssl_cli.o [1]
  .rodata            const     0x802'7808     0x34  ssl_srv.o [1]
  .rodata            const     0x802'783c     0x34  ssl_srv.o [1]
  .rodata            const     0x802'7870     0x34  ssl_tls.o [1]
  .rodata            const     0x802'78a4     0x34  ssl_tls.o [1]
  .rodata            const     0x802'78d8     0x34  ssl_tls.o [1]
  .rodata            const     0x802'790c     0x34  ssl_tls.o [1]
  .rodata            const     0x802'7940     0x34  ssl_tls.o [1]
  .rodata            const     0x802'7974     0x34  ssl_tls.o [1]
  .rodata            const     0x802'79a8     0x30  at_hal.o [1]
  .rodata            const     0x802'79d8     0x30  bc95.o [1]
  .rodata            const     0x802'7a08     0x30  bc95.o [1]
  .rodata            const     0x802'7a38     0x30  bc95.o [1]
  .rodata            const     0x802'7a68     0x30  dtls_interface.o [1]
  .rodata            const     0x802'7a98     0x30  los_heap.o [1]
  .rodata            const     0x802'7ac8     0x30  los_memory.o [1]
  .rodata            const     0x802'7af8     0x30  md_wrap.o [1]
  .rodata            const     0x802'7b28     0x30  md_wrap.o [1]
  .rodata            const     0x802'7b58     0x30  ota_port.o [1]
  .rodata            const     0x802'7b88     0x30  package.o [1]
  .rodata            const     0x802'7bb8     0x30  package_head.o [1]
  .rodata            const     0x802'7be8     0x30  package_head.o [1]
  .rodata            const     0x802'7c18     0x30  package_head.o [1]
  .rodata            const     0x802'7c48     0x30  ssl_cli.o [1]
  .rodata            const     0x802'7c78     0x30  ssl_cli.o [1]
  .rodata            const     0x802'7ca8     0x30  ssl_cli.o [1]
  .rodata            const     0x802'7cd8     0x30  ssl_cli.o [1]
  .rodata            const     0x802'7d08     0x30  ssl_cli.o [1]
  .rodata            const     0x802'7d38     0x30  ssl_cli.o [1]
  .rodata            const     0x802'7d68     0x30  ssl_srv.o [1]
  .rodata            const     0x802'7d98     0x30  ssl_srv.o [1]
  .rodata            const     0x802'7dc8     0x30  ssl_srv.o [1]
  .rodata            const     0x802'7df8     0x30  ssl_srv.o [1]
  .rodata            const     0x802'7e28     0x30  ssl_srv.o [1]
  .rodata            const     0x802'7e58     0x30  ssl_tls.o [1]
  .rodata            const     0x802'7e88     0x2c  at_main.o [1]
  .rodata            const     0x802'7eb4     0x2c  at_main.o [1]
  .rodata            const     0x802'7ee0     0x2c  at_main.o [1]
  .rodata            const     0x802'7f0c     0x2c  at_main.o [1]
  .rodata            const     0x802'7f38     0x2c  at_main.o [1]
  .rodata            const     0x802'7f64     0x2c  at_main.o [1]
  .rodata            const     0x802'7f90     0x2c  at_main.o [1]
  .rodata            const     0x802'7fbc     0x2c  at_main.o [1]
  .rodata            const     0x802'7fe8     0x2c  at_main.o [1]
  .rodata            const     0x802'8014     0x2c  at_main.o [1]
  .rodata            const     0x802'8040     0x2c  bc95.o [1]
  .rodata            const     0x802'806c     0x2c  bc95.o [1]
  .rodata            const     0x802'8098     0x2c  bc95.o [1]
  .rodata            const     0x802'80c4     0x2c  dtls_interface.o [1]
  .rodata            const     0x802'80f0     0x2c  package.o [1]
  .rodata            const     0x802'811c     0x2c  package_checksum.o [1]
  .rodata            const     0x802'8148     0x2c  package_checksum.o [1]
  .rodata            const     0x802'8174     0x2c  package_checksum.o [1]
  .rodata            const     0x802'81a0     0x2c  ssl_cli.o [1]
  .rodata            const     0x802'81cc     0x2c  ssl_cli.o [1]
  .rodata            const     0x802'81f8     0x2c  ssl_cli.o [1]
  .rodata            const     0x802'8224     0x2c  ssl_srv.o [1]
  .rodata            const     0x802'8250     0x2c  ssl_srv.o [1]
  .rodata            const     0x802'827c     0x2c  ssl_srv.o [1]
  .rodata            const     0x802'82a8     0x2c  ssl_srv.o [1]
  .rodata            const     0x802'82d4     0x2c  ssl_tls.o [1]
  .rodata            const     0x802'8300     0x2c  ssl_tls.o [1]
  .rodata            const     0x802'832c     0x2c  ssl_tls.o [1]
  .rodata            const     0x802'8358     0x2c  ssl_tls.o [1]
  .rodata            const     0x802'8384     0x2c  ssl_tls.o [1]
  .rodata            const     0x802'83b0     0x2c  ssl_tls.o [1]
  .rodata            const     0x802'83dc     0x2c  ssl_tls.o [1]
  .rodata            const     0x802'8408     0x2c  ssl_tls.o [1]
  .rodata            const     0x802'8434     0x28  aes.o [1]
  .rodata            const     0x802'845c     0x28  at_main.o [1]
  .rodata            const     0x802'8484     0x28  at_main.o [1]
  .rodata            const     0x802'84ac     0x28  at_main.o [1]
  .rodata            const     0x802'84d4     0x28  at_main.o [1]
  .rodata            const     0x802'84fc     0x28  at_main.o [1]
  .rodata            const     0x802'8524     0x28  at_main.o [1]
  .rodata            const     0x802'854c     0x28  at_main.o [1]
  .rodata            const     0x802'8574     0x28  at_main.o [1]
  .rodata            const     0x802'859c     0x28  at_main.o [1]
  .rodata            const     0x802'85c4     0x28  at_main.o [1]
  .rodata            const     0x802'85ec     0x28  atiny_socket.o [1]
  .rodata            const     0x802'8614     0x28  bc95.o [1]
  .rodata            const     0x802'863c     0x28  dtls_interface.o [1]
  .rodata            const     0x802'8664     0x28  dtls_interface.o [1]
  .rodata            const     0x802'868c     0x28  er-coap-13.o [1]
  .rodata            const     0x802'86b4     0x28  los_task.o [1]
  .rodata            const     0x802'86dc     0x28  ota_port.o [1]
  .rodata            const     0x802'8704     0x28  package.o [1]
  .rodata            const     0x802'872c     0x28  package_head.o [1]
  .rodata            const     0x802'8754     0x28  package_head.o [1]
  .rodata            const     0x802'877c     0x28  package_head.o [1]
  .rodata            const     0x802'87a4     0x28  ssl_cli.o [1]
  .rodata            const     0x802'87cc     0x28  ssl_cli.o [1]
  .rodata            const     0x802'87f4     0x28  ssl_cli.o [1]
  .rodata            const     0x802'881c     0x28  ssl_srv.o [1]
  .rodata            const     0x802'8844     0x28  ssl_srv.o [1]
  .rodata            const     0x802'886c     0x28  ssl_srv.o [1]
  .rodata            const     0x802'8894     0x28  ssl_srv.o [1]
  .rodata            const     0x802'88bc     0x28  ssl_srv.o [1]
  .rodata            const     0x802'88e4     0x28  ssl_srv.o [1]
  .rodata            const     0x802'890c     0x28  ssl_tls.o [1]
  .rodata            const     0x802'8934     0x28  ssl_tls.o [1]
  .rodata            const     0x802'895c     0x28  ssl_tls.o [1]
  .rodata            const     0x802'8984     0x28  ssl_tls.o [1]
  .rodata            const     0x802'89ac     0x28  ssl_tls.o [1]
  .rodata            const     0x802'89d4     0x28  ssl_tls.o [1]
  .rodata            const     0x802'89fc     0x28  ssl_tls.o [1]
  .rodata            const     0x802'8a24     0x28  ssl_tls.o [1]
  .rodata            const     0x802'8a4c     0x28  ssl_tls.o [1]
  .rodata            const     0x802'8a74     0x28  ssl_tls.o [1]
  .rodata            const     0x802'8a9c     0x28  ssl_tls.o [1]
  .rodata            const     0x802'8ac4     0x28  ssl_tls.o [1]
  .text              ro code   0x802'8aec     0x28  data_init.o [5]
  .rodata            const     0x802'8b14     0x24  at_main.o [1]
  .rodata            const     0x802'8b38     0x24  at_main.o [1]
  .rodata            const     0x802'8b5c     0x24  at_main.o [1]
  .rodata            const     0x802'8b80     0x24  atiny_socket.o [1]
  .rodata            const     0x802'8ba4     0x24  bc95.o [1]
  .rodata            const     0x802'8bc8     0x24  bc95.o [1]
  .rodata            const     0x802'8bec     0x24  bc95.o [1]
  .rodata            const     0x802'8c10     0x24  bc95.o [1]
  .rodata            const     0x802'8c34     0x24  los_mux.o [1]
  .rodata            const     0x802'8c58     0x24  los_sem.o [1]
  .rodata            const     0x802'8c7c     0x24  los_sem.o [1]
  .rodata            const     0x802'8ca0     0x24  los_task.o [1]
  .rodata            const     0x802'8cc4     0x24  object_device.o [1]
  .rodata            const     0x802'8ce8     0x24  package.o [1]
  .rodata            const     0x802'8d0c     0x24  package_checksum.o [1]
  .rodata            const     0x802'8d30     0x24  package_checksum.o [1]
  .rodata            const     0x802'8d54     0x24  package_head.o [1]
  .rodata            const     0x802'8d78     0x24  package_head.o [1]
  .rodata            const     0x802'8d9c     0x24  package_head.o [1]
  .rodata            const     0x802'8dc0     0x24  package_writer.o [1]
  .rodata            const     0x802'8de4     0x24  ssl_cli.o [1]
  .rodata            const     0x802'8e08     0x24  ssl_cli.o [1]
  .rodata            const     0x802'8e2c     0x24  ssl_cli.o [1]
  .rodata            const     0x802'8e50     0x24  ssl_cli.o [1]
  .rodata            const     0x802'8e74     0x24  ssl_cli.o [1]
  .rodata            const     0x802'8e98     0x24  ssl_cli.o [1]
  .rodata            const     0x802'8ebc     0x24  ssl_cli.o [1]
  .rodata            const     0x802'8ee0     0x24  ssl_cli.o [1]
  .rodata            const     0x802'8f04     0x24  ssl_cli.o [1]
  .rodata            const     0x802'8f28     0x24  ssl_cli.o [1]
  .rodata            const     0x802'8f4c     0x24  ssl_cli.o [1]
  .rodata            const     0x802'8f70     0x24  ssl_cli.o [1]
  .rodata            const     0x802'8f94     0x24  ssl_cli.o [1]
  .rodata            const     0x802'8fb8     0x24  ssl_cli.o [1]
  .rodata            const     0x802'8fdc     0x24  ssl_cli.o [1]
  .rodata            const     0x802'9000     0x24  ssl_srv.o [1]
  .rodata            const     0x802'9024     0x24  ssl_srv.o [1]
  .rodata            const     0x802'9048     0x24  ssl_srv.o [1]
  .rodata            const     0x802'906c     0x24  ssl_srv.o [1]
  .rodata            const     0x802'9090     0x24  ssl_srv.o [1]
  .rodata            const     0x802'90b4     0x24  ssl_srv.o [1]
  .rodata            const     0x802'90d8     0x24  ssl_srv.o [1]
  .rodata            const     0x802'90fc     0x24  ssl_srv.o [1]
  .rodata            const     0x802'9120     0x24  ssl_srv.o [1]
  .rodata            const     0x802'9144     0x24  ssl_srv.o [1]
  .rodata            const     0x802'9168     0x24  ssl_srv.o [1]
  .rodata            const     0x802'918c     0x24  ssl_srv.o [1]
  .rodata            const     0x802'91b0     0x24  ssl_srv.o [1]
  .rodata            const     0x802'91d4     0x24  ssl_srv.o [1]
  .rodata            const     0x802'91f8     0x24  ssl_tls.o [1]
  .rodata            const     0x802'921c     0x24  ssl_tls.o [1]
  .rodata            const     0x802'9240     0x24  ssl_tls.o [1]
  .rodata            const     0x802'9264     0x24  ssl_tls.o [1]
  .rodata            const     0x802'9288     0x24  ssl_tls.o [1]
  .rodata            const     0x802'92ac     0x24  ssl_tls.o [1]
  .rodata            const     0x802'92d0     0x24  ssl_tls.o [1]
  .rodata            const     0x802'92f4     0x24  ssl_tls.o [1]
  .rodata            const     0x802'9318     0x24  ssl_tls.o [1]
  .rodata            const     0x802'933c     0x24  ssl_tls.o [1]
  .rodata            const     0x802'9360     0x24  ssl_tls.o [1]
  .text              ro code   0x802'9384     0x24  los_tick.o [1]
  .text              ro code   0x802'93a8     0x22  entropy_hardware_poll.o [1]
  .text              ro code   0x802'93cc     0x22  fpinit_M.o [4]
  .iar.init_table    const     0x802'93f0     0x30  - Linker created -
  .rodata            const     0x802'9420     0x20  agent_tiny_cmd_ioctl.o [1]
  .rodata            const     0x802'9440     0x20  at_main.o [1]
  .rodata            const     0x802'9460     0x20  at_main.o [1]
  .rodata            const     0x802'9480     0x20  at_main.o [1]
  .rodata            const     0x802'94a0     0x20  bc95.o [1]
  .rodata            const     0x802'94c0     0x20  bc95.o [1]
  .rodata            const     0x802'94e0     0x20  bc95.o [1]
  .rodata            const     0x802'9500     0x20  los_nb_api.o [1]
  .rodata            const     0x802'9520     0x20  los_queue.o [1]
  .rodata            const     0x802'9540     0x20  ota_port.o [1]
  .rodata            const     0x802'9560     0x20  package.o [1]
  .rodata            const     0x802'9580     0x20  package.o [1]
  .rodata            const     0x802'95a0     0x20  package.o [1]
  .rodata            const     0x802'95c0     0x20  package.o [1]
  .rodata            const     0x802'95e0     0x20  package.o [1]
  .rodata            const     0x802'9600     0x20  package_checksum.o [1]
  .rodata            const     0x802'9620     0x20  package_checksum.o [1]
  .rodata            const     0x802'9640     0x20  package_checksum.o [1]
  .rodata            const     0x802'9660     0x20  package_checksum.o [1]
  .rodata            const     0x802'9680     0x20  package_checksum.o [1]
  .rodata            const     0x802'96a0     0x20  package_head.o [1]
  .rodata            const     0x802'96c0     0x20  package_head.o [1]
  .rodata            const     0x802'96e0     0x20  package_head.o [1]
  .rodata            const     0x802'9700     0x20  package_writer.o [1]
  .rodata            const     0x802'9720     0x20  package_writer.o [1]
  .rodata            const     0x802'9740     0x20  ssl_ciphersuites.o [1]
  .rodata            const     0x802'9760     0x20  ssl_cli.o [1]
  .rodata            const     0x802'9780     0x20  ssl_cli.o [1]
  .rodata            const     0x802'97a0     0x20  ssl_cli.o [1]
  .rodata            const     0x802'97c0     0x20  ssl_cli.o [1]
  .rodata            const     0x802'97e0     0x20  ssl_cli.o [1]
  .rodata            const     0x802'9800     0x20  ssl_cli.o [1]
  .rodata            const     0x802'9820     0x20  ssl_cli.o [1]
  .rodata            const     0x802'9840     0x20  ssl_cli.o [1]
  .rodata            const     0x802'9860     0x20  ssl_cli.o [1]
  .rodata            const     0x802'9880     0x20  ssl_cli.o [1]
  .rodata            const     0x802'98a0     0x20  ssl_cli.o [1]
  .rodata            const     0x802'98c0     0x20  ssl_cli.o [1]
  .rodata            const     0x802'98e0     0x20  ssl_cli.o [1]
  .rodata            const     0x802'9900     0x20  ssl_cli.o [1]
  .rodata            const     0x802'9920     0x20  ssl_cli.o [1]
  .rodata            const     0x802'9940     0x20  ssl_cli.o [1]
  .rodata            const     0x802'9960     0x20  ssl_srv.o [1]
  .rodata            const     0x802'9980     0x20  ssl_srv.o [1]
  .rodata            const     0x802'99a0     0x20  ssl_srv.o [1]
  .rodata            const     0x802'99c0     0x20  ssl_srv.o [1]
  .rodata            const     0x802'99e0     0x20  ssl_srv.o [1]
  .rodata            const     0x802'9a00     0x20  ssl_srv.o [1]
  .rodata            const     0x802'9a20     0x20  ssl_srv.o [1]
  .rodata            const     0x802'9a40     0x20  ssl_srv.o [1]
  .rodata            const     0x802'9a60     0x20  ssl_srv.o [1]
  .rodata            const     0x802'9a80     0x20  ssl_srv.o [1]
  .rodata            const     0x802'9aa0     0x20  ssl_srv.o [1]
  .rodata            const     0x802'9ac0     0x20  ssl_srv.o [1]
  .rodata            const     0x802'9ae0     0x20  ssl_srv.o [1]
  .rodata            const     0x802'9b00     0x20  ssl_srv.o [1]
  .rodata            const     0x802'9b20     0x20  ssl_srv.o [1]
  .rodata            const     0x802'9b40     0x20  ssl_tls.o [1]
  .rodata            const     0x802'9b60     0x20  ssl_tls.o [1]
  .rodata            const     0x802'9b80     0x20  ssl_tls.o [1]
  .rodata            const     0x802'9ba0     0x20  ssl_tls.o [1]
  .rodata            const     0x802'9bc0     0x20  ssl_tls.o [1]
  .rodata            const     0x802'9be0     0x20  ssl_tls.o [1]
  .rodata            const     0x802'9c00     0x20  ssl_tls.o [1]
  .rodata            const     0x802'9c20     0x20  ssl_tls.o [1]
  .rodata            const     0x802'9c40     0x20  ssl_tls.o [1]
  .rodata            const     0x802'9c60     0x20  ssl_tls.o [1]
  .rodata            const     0x802'9c80     0x20  ssl_tls.o [1]
  .rodata            const     0x802'9ca0     0x20  ssl_tls.o [1]
  .rodata            const     0x802'9cc0     0x20  ssl_tls.o [1]
  .rodata            const     0x802'9ce0     0x20  ssl_tls.o [1]
  .rodata            const     0x802'9d00     0x20  ssl_tls.o [1]
  .rodata            const     0x802'9d20     0x20  ssl_tls.o [1]
  .rodata            const     0x802'9d40     0x20  ssl_tls.o [1]
  .rodata            const     0x802'9d60     0x20  ssl_tls.o [1]
  .rodata            const     0x802'9d80     0x20  ssl_tls.o [1]
  .rodata            const     0x802'9da0     0x20  ssl_tls.o [1]
  .rodata            const     0x802'9dc0     0x20  ssl_tls.o [1]
  .text              ro code   0x802'9de0     0x1e  cmain.o [5]
  .text              ro code   0x802'9dfe      0x4  low_level_init.o [2]
  .text              ro code   0x802'9e02      0x4  exit.o [2]
  .text              ro code   0x802'9e08      0xa  cexit.o [5]
  .rodata            const     0x802'9e14     0x1c  agent_tiny_cmd_ioctl.o [1]
  .rodata            const     0x802'9e30     0x1c  cipher_wrap.o [1]
  .rodata            const     0x802'9e4c     0x1c  cipher_wrap.o [1]
  .rodata            const     0x802'9e68     0x1c  cipher_wrap.o [1]
  .rodata            const     0x802'9e84     0x1c  cipher_wrap.o [1]
  .rodata            const     0x802'9ea0     0x1c  cipher_wrap.o [1]
  .rodata            const     0x802'9ebc     0x1c  cipher_wrap.o [1]
  .rodata            const     0x802'9ed8     0x1c  cipher_wrap.o [1]
  .rodata            const     0x802'9ef4     0x1c  cipher_wrap.o [1]
  .rodata            const     0x802'9f10     0x1c  cipher_wrap.o [1]
  .rodata            const     0x802'9f2c     0x1c  cipher_wrap.o [1]
  .rodata            const     0x802'9f48     0x1c  cipher_wrap.o [1]
  .rodata            const     0x802'9f64     0x1c  debug.o [1]
  .rodata            const     0x802'9f80     0x1c  debug.o [1]
  .rodata            const     0x802'9f9c     0x1c  er-coap-13.o [1]
  .rodata            const     0x802'9fb8     0x1c  los_init.o [1]
  .rodata            const     0x802'9fd4     0x1c  object_device.o [1]
  .rodata            const     0x802'9ff0     0x1c  object_security.o [1]
  .rodata            const     0x802'a00c     0x1c  ota_port.o [1]
  .rodata            const     0x802'a028     0x1c  package.o [1]
  .rodata            const     0x802'a044     0x1c  package.o [1]
  .rodata            const     0x802'a060     0x1c  package.o [1]
  .rodata            const     0x802'a07c     0x1c  package.o [1]
  .rodata            const     0x802'a098     0x1c  package_checksum.o [1]
  .rodata            const     0x802'a0b4     0x1c  package_checksum.o [1]
  .rodata            const     0x802'a0d0     0x1c  package_checksum.o [1]
  .rodata            const     0x802'a0ec     0x1c  package_checksum.o [1]
  .rodata            const     0x802'a108     0x1c  package_checksum.o [1]
  .rodata            const     0x802'a124     0x1c  package_head.o [1]
  .rodata            const     0x802'a140     0x1c  package_writer.o [1]
  .rodata            const     0x802'a15c     0x1c  package_writer.o [1]
  .rodata            const     0x802'a178     0x1c  package_writer.o [1]
  .rodata            const     0x802'a194     0x1c  ssl_ciphersuites.o [1]
  .rodata            const     0x802'a1b0     0x1c  ssl_ciphersuites.o [1]
  .rodata            const     0x802'a1cc     0x1c  ssl_ciphersuites.o [1]
  .rodata            const     0x802'a1e8     0x1c  ssl_ciphersuites.o [1]
  .rodata            const     0x802'a204     0x1c  ssl_cli.o [1]
  .rodata            const     0x802'a220     0x1c  ssl_cli.o [1]
  .rodata            const     0x802'a23c     0x1c  ssl_cli.o [1]
  .rodata            const     0x802'a258     0x1c  ssl_cli.o [1]
  .rodata            const     0x802'a274     0x1c  ssl_cli.o [1]
  .rodata            const     0x802'a290     0x1c  ssl_cli.o [1]
  .rodata            const     0x802'a2ac     0x1c  ssl_cli.o [1]
  .rodata            const     0x802'a2c8     0x1c  ssl_cli.o [1]
  .rodata            const     0x802'a2e4     0x1c  ssl_cli.o [1]
  .rodata            const     0x802'a300     0x1c  ssl_cli.o [1]
  .rodata            const     0x802'a31c     0x1c  ssl_cli.o [1]
  .rodata            const     0x802'a338     0x1c  ssl_cli.o [1]
  .rodata            const     0x802'a354     0x1c  ssl_srv.o [1]
  .rodata            const     0x802'a370     0x1c  ssl_srv.o [1]
  .rodata            const     0x802'a38c     0x1c  ssl_srv.o [1]
  .rodata            const     0x802'a3a8     0x1c  ssl_srv.o [1]
  .rodata            const     0x802'a3c4     0x1c  ssl_srv.o [1]
  .rodata            const     0x802'a3e0     0x1c  ssl_srv.o [1]
  .rodata            const     0x802'a3fc     0x1c  ssl_srv.o [1]
  .rodata            const     0x802'a418     0x1c  ssl_srv.o [1]
  .rodata            const     0x802'a434     0x1c  ssl_srv.o [1]
  .rodata            const     0x802'a450     0x1c  ssl_srv.o [1]
  .rodata            const     0x802'a46c     0x1c  ssl_srv.o [1]
  .rodata            const     0x802'a488     0x1c  ssl_srv.o [1]
  .rodata            const     0x802'a4a4     0x1c  ssl_srv.o [1]
  .rodata            const     0x802'a4c0     0x1c  ssl_srv.o [1]
  .rodata            const     0x802'a4dc     0x1c  ssl_srv.o [1]
  .rodata            const     0x802'a4f8     0x1c  ssl_srv.o [1]
  .rodata            const     0x802'a514     0x1c  ssl_tls.o [1]
  .rodata            const     0x802'a530     0x1c  ssl_tls.o [1]
  .rodata            const     0x802'a54c     0x1c  ssl_tls.o [1]
  .rodata            const     0x802'a568     0x1c  ssl_tls.o [1]
  .rodata            const     0x802'a584     0x1c  ssl_tls.o [1]
  .rodata            const     0x802'a5a0     0x1c  ssl_tls.o [1]
  .rodata            const     0x802'a5bc     0x1c  ssl_tls.o [1]
  .rodata            const     0x802'a5d8     0x1c  ssl_tls.o [1]
  .rodata            const     0x802'a5f4     0x1c  ssl_tls.o [1]
  .rodata            const     0x802'a610     0x1c  ssl_tls.o [1]
  .rodata            const     0x802'a62c     0x1c  ssl_tls.o [1]
  .rodata            const     0x802'a648     0x1c  ssl_tls.o [1]
  .rodata            const     0x802'a664     0x1c  ssl_tls.o [1]
  .rodata            const     0x802'a680     0x1c  ssl_tls.o [1]
  .rodata            const     0x802'a69c     0x1c  ssl_tls.o [1]
  .rodata            const     0x802'a6b8     0x1c  ssl_tls.o [1]
  .rodata            const     0x802'a6d4     0x1c  ssl_tls.o [1]
  .rodata            const     0x802'a6f0     0x1c  ssl_tls.o [1]
  .rodata            const     0x802'a70c     0x1c  ssl_tls.o [1]
  .rodata            const     0x802'a728     0x1c  ssl_tls.o [1]
  .rodata            const     0x802'a744     0x1c  ssl_tls.o [1]
  .rodata            const     0x802'a760     0x1c  ssl_tls.o [1]
  .rodata            const     0x802'a77c     0x1c  ssl_tls.o [1]
  .rodata            const     0x802'a798     0x1c  ssl_tls.o [1]
  .rodata            const     0x802'a7b4     0x1c  ssl_tls.o [1]
  .rodata            const     0x802'a7d0     0x18  agent_tiny_cmd_ioctl.o [1]
  .rodata            const     0x802'a7e8     0x18  agent_tiny_cmd_ioctl.o [1]
  .rodata            const     0x802'a800     0x18  agent_tiny_cmd_ioctl.o [1]
  .rodata            const     0x802'a818     0x18  agent_tiny_cmd_ioctl.o [1]
  .rodata            const     0x802'a830     0x18  bc95.o [1]
  .rodata            const     0x802'a848     0x18  bc95.o [1]
  .rodata            const     0x802'a860     0x18  dtls_interface.o [1]
  .rodata            const     0x802'a878     0x18  er-coap-13.o [1]
  .rodata            const     0x802'a890     0x18  object_binary_app_data_container.o [1]
  .rodata            const     0x802'a8a8     0x18  object_connectivity_moni.o [1]
  .rodata            const     0x802'a8c0     0x18  ota_port.o [1]
  .rodata            const     0x802'a8d8     0x18  ota_port.o [1]
  .rodata            const     0x802'a8f0     0x18  package.o [1]
  .rodata            const     0x802'a908     0x18  package_checksum.o [1]
  .rodata            const     0x802'a920     0x18  package_checksum.o [1]
  .rodata            const     0x802'a938     0x18  package_checksum.o [1]
  .rodata            const     0x802'a950     0x18  package_head.o [1]
  .rodata            const     0x802'a968     0x18  package_writer.o [1]
  .rodata            const     0x802'a980     0x18  ssl_cli.o [1]
  .rodata            const     0x802'a998     0x18  ssl_cli.o [1]
  .rodata            const     0x802'a9b0     0x18  ssl_cli.o [1]
  .rodata            const     0x802'a9c8     0x18  ssl_cli.o [1]
  .rodata            const     0x802'a9e0     0x18  ssl_cli.o [1]
  .rodata            const     0x802'a9f8     0x18  ssl_cli.o [1]
  .rodata            const     0x802'aa10     0x18  ssl_cli.o [1]
  .rodata            const     0x802'aa28     0x18  ssl_cli.o [1]
  .rodata            const     0x802'aa40     0x18  ssl_cli.o [1]
  .rodata            const     0x802'aa58     0x18  ssl_srv.o [1]
  .rodata            const     0x802'aa70     0x18  ssl_srv.o [1]
  .rodata            const     0x802'aa88     0x18  ssl_srv.o [1]
  .rodata            const     0x802'aaa0     0x18  ssl_srv.o [1]
  .rodata            const     0x802'aab8     0x18  ssl_srv.o [1]
  .rodata            const     0x802'aad0     0x18  ssl_srv.o [1]
  .rodata            const     0x802'aae8     0x18  ssl_srv.o [1]
  .rodata            const     0x802'ab00     0x18  ssl_srv.o [1]
  .rodata            const     0x802'ab18     0x18  ssl_srv.o [1]
  .rodata            const     0x802'ab30     0x18  ssl_srv.o [1]
  .rodata            const     0x802'ab48     0x18  ssl_srv.o [1]
  .rodata            const     0x802'ab60     0x18  ssl_srv.o [1]
  .rodata            const     0x802'ab78     0x18  ssl_srv.o [1]
  .rodata            const     0x802'ab90     0x18  ssl_srv.o [1]
  .rodata            const     0x802'aba8     0x18  ssl_tls.o [1]
  .rodata            const     0x802'abc0     0x18  ssl_tls.o [1]
  .rodata            const     0x802'abd8     0x18  ssl_tls.o [1]
  .rodata            const     0x802'abf0     0x18  ssl_tls.o [1]
  .rodata            const     0x802'ac08     0x18  ssl_tls.o [1]
  .rodata            const     0x802'ac20     0x18  ssl_tls.o [1]
  .rodata            const     0x802'ac38     0x18  ssl_tls.o [1]
  .rodata            const     0x802'ac50     0x18  ssl_tls.o [1]
  .rodata            const     0x802'ac68     0x18  ssl_tls.o [1]
  .rodata            const     0x802'ac80     0x18  ssl_tls.o [1]
  .rodata            const     0x802'ac98     0x18  ssl_tls.o [1]
  .rodata            const     0x802'acb0     0x18  ssl_tls.o [1]
  .rodata            const     0x802'acc8     0x18  ssl_tls.o [1]
  .rodata            const     0x802'ace0     0x18  ssl_tls.o [1]
  .rodata            const     0x802'acf8     0x18  ssl_tls.o [1]
  .rodata            const     0x802'ad10     0x18  ssl_tls.o [1]
  .rodata            const     0x802'ad28     0x18  ssl_tls.o [1]
  .rodata            const     0x802'ad40     0x18  ssl_tls.o [1]
  .rodata            const     0x802'ad58     0x18  ssl_tls.o [1]
  .rodata            const     0x802'ad70     0x18  ssl_tls.o [1]
  .rodata            const     0x802'ad88     0x18  ssl_tls.o [1]
  .rodata            const     0x802'ada0     0x18  ssl_tls.o [1]
  .rodata            const     0x802'adb8     0x18  ssl_tls.o [1]
  .rodata            const     0x802'add0     0x18  ssl_tls.o [1]
  .rodata            const     0x802'ade8     0x18  ssl_tls.o [1]
  .rodata            const     0x802'ae00     0x18  ssl_tls.o [1]
  .rodata            const     0x802'ae18     0x18  ssl_tls.o [1]
  .text              ro code   0x802'ae30     0x18  los_startup_iar.o [1]
  .text              ro code   0x802'ae48     0x18  xfprout.o [2]
  .text              ro code   0x802'ae60     0x16  xprout.o [2]
  .text              ro code   0x802'ae78      0xc  putchar.o [2]
  .rodata            const     0x802'ae84     0x14  agent_tiny_cmd_ioctl.o [1]
  .rodata            const     0x802'ae98     0x14  agent_tiny_cmd_ioctl.o [1]
  .rodata            const     0x802'aeac     0x14  at_main.o [1]
  .rodata            const     0x802'aec0     0x14  at_main.o [1]
  .rodata            const     0x802'aed4     0x14  at_main.o [1]
  .rodata            const     0x802'aee8     0x14  at_main.o [1]
  .rodata            const     0x802'aefc     0x14  atiny_socket.o [1]
  .rodata            const     0x802'af10     0x14  bc95.o [1]
  .rodata            const     0x802'af24     0x14  bc95.o [1]
  .rodata            const     0x802'af38     0x14  bc95.o [1]
  .rodata            const     0x802'af4c     0x14  bc95.o [1]
  .rodata            const     0x802'af60     0x14  bc95.o [1]
  .rodata            const     0x802'af74     0x14  bc95.o [1]
  .rodata            const     0x802'af88     0x14  los_heap.o [1]
  .rodata            const     0x802'af9c     0x14  los_hwi.o [1]
  .rodata            const     0x802'afb0     0x14  los_init.o [1]
  .rodata            const     0x802'afc4     0x14  los_init.o [1]
  .rodata            const     0x802'afd8     0x14  los_init.o [1]
  .rodata            const     0x802'afec     0x14  los_init.o [1]
  .rodata            const     0x802'b000     0x14  los_mux.o [1]
  .rodata            const     0x802'b014     0x14  los_sem.o [1]
  .rodata            const     0x802'b028     0x14  object_server.o [1]
  .rodata            const     0x802'b03c     0x14  objects.o [1]
  .rodata            const     0x802'b050     0x14  ota_port.o [1]
  .rodata            const     0x802'b064     0x14  package.o [1]
  .rodata            const     0x802'b078     0x14  package.o [1]
  .rodata            const     0x802'b08c     0x14  package.o [1]
  .rodata            const     0x802'b0a0     0x14  package.o [1]
  .rodata            const     0x802'b0b4     0x14  package_checksum.o [1]
  .rodata            const     0x802'b0c8     0x14  package_checksum.o [1]
  .rodata            const     0x802'b0dc     0x14  ssl_cli.o [1]
  .rodata            const     0x802'b0f0     0x14  ssl_cli.o [1]
  .rodata            const     0x802'b104     0x14  ssl_cli.o [1]
  .rodata            const     0x802'b118     0x14  ssl_cli.o [1]
  .rodata            const     0x802'b12c     0x14  ssl_cli.o [1]
  .rodata            const     0x802'b140     0x14  ssl_cli.o [1]
  .rodata            const     0x802'b154     0x14  ssl_cli.o [1]
  .rodata            const     0x802'b168     0x14  ssl_srv.o [1]
  .rodata            const     0x802'b17c     0x14  ssl_srv.o [1]
  .rodata            const     0x802'b190     0x14  ssl_srv.o [1]
  .rodata            const     0x802'b1a4     0x14  ssl_tls.o [1]
  .rodata            const     0x802'b1b8     0x14  ssl_tls.o [1]
  .rodata            const     0x802'b1cc     0x14  ssl_tls.o [1]
  .rodata            const     0x802'b1e0     0x14  ssl_tls.o [1]
  .rodata            const     0x802'b1f4     0x14  ssl_tls.o [1]
  .rodata            const     0x802'b208     0x14  ssl_tls.o [1]
  .rodata            const     0x802'b21c     0x14  ssl_tls.o [1]
  .rodata            const     0x802'b230     0x14  ssl_tls.o [1]
  .rodata            const     0x802'b244     0x14  ssl_tls.o [1]
  .rodata            const     0x802'b258     0x14  ssl_tls.o [1]
  .rodata            const     0x802'b26c     0x14  ssl_tls.o [1]
  .rodata            const     0x802'b280     0x14  ssl_tls.o [1]
  .rodata            const     0x802'b294     0x14  ssl_tls.o [1]
  .rodata            const     0x802'b2a8     0x14  ssl_tls.o [1]
  .rodata            const     0x802'b2bc     0x14  ssl_tls.o [1]
  .rodata            const     0x802'b2d0     0x14  ssl_tls.o [1]
  .rodata            const     0x802'b2e4     0x14  ssl_tls.o [1]
  .rodata            const     0x802'b2f8     0x14  ssl_tls.o [1]
  .rodata            const     0x802'b30c     0x14  ssl_tls.o [1]
  .rodata            const     0x802'b320     0x14  ssl_tls.o [1]
  .rodata            const     0x802'b334     0x14  ssl_tls.o [1]
  .rodata            const     0x802'b348     0x14  ssl_tls.o [1]
  .rodata            const     0x802'b35c     0x10  agent_tiny_cmd_ioctl.o [1]
  .rodata            const     0x802'b36c     0x10  agent_tiny_demo.o [1]
  .rodata            const     0x802'b37c     0x10  agent_tiny_demo.o [1]
  .rodata            const     0x802'b38c     0x10  agent_tiny_demo.o [1]
  .rodata            const     0x802'b39c     0x10  at_main.o [1]
  .rodata            const     0x802'b3ac     0x10  at_main.o [1]
  .rodata            const     0x802'b3bc     0x10  at_main.o [1]
  .rodata            const     0x802'b3cc     0x10  atiny_socket.o [1]
  .rodata            const     0x802'b3dc     0x10  atiny_socket.o [1]
  .rodata            const     0x802'b3ec     0x10  bc95.o [1]
  .rodata            const     0x802'b3fc     0x10  bc95.o [1]
  .rodata            const     0x802'b40c     0x10  bc95.o [1]
  .rodata            const     0x802'b41c     0x10  bc95.o [1]
  .rodata            const     0x802'b42c     0x10  dtls_interface.o [1]
  .rodata            const     0x802'b43c     0x10  los_hwi.o [1]
  .rodata            const     0x802'b44c     0x10  main.o [1]
  .rodata            const     0x802'b45c     0x10  object_connectivity_moni.o [1]
  .rodata            const     0x802'b46c     0x10  object_connectivity_moni.o [1]
  .rodata            const     0x802'b47c     0x10  object_connectivity_moni.o [1]
  .rodata            const     0x802'b48c     0x10  object_connectivity_moni.o [1]
  .rodata            const     0x802'b49c     0x10  object_connectivity_moni.o [1]
  .rodata            const     0x802'b4ac     0x10  object_location.o [1]
  .rodata            const     0x802'b4bc     0x10  object_security.o [1]
  .rodata            const     0x802'b4cc     0x10  object_security.o [1]
  .rodata            const     0x802'b4dc     0x10  object_server.o [1]
  .rodata            const     0x802'b4ec     0x10  ota_port.o [1]
  .rodata            const     0x802'b4fc     0x10  package_head.o [1]
  .rodata            const     0x802'b50c     0x10  package_head.o [1]
  .rodata            const     0x802'b51c     0x10  package_writer.o [1]
  .rodata            const     0x802'b52c     0x10  package_writer.o [1]
  .rodata            const     0x802'b53c     0x10  packet.o [1]
  .rodata            const     0x802'b54c     0x10  registration.o [1]
  .rodata            const     0x802'b55c     0x10  ssl_cli.o [1]
  .rodata            const     0x802'b56c     0x10  ssl_cli.o [1]
  .rodata            const     0x802'b57c     0x10  ssl_cli.o [1]
  .rodata            const     0x802'b58c     0x10  ssl_srv.o [1]
  .rodata            const     0x802'b59c     0x10  ssl_srv.o [1]
  .rodata            const     0x802'b5ac     0x10  ssl_srv.o [1]
  .rodata            const     0x802'b5bc     0x10  ssl_srv.o [1]
  .rodata            const     0x802'b5cc     0x10  ssl_srv.o [1]
  .rodata            const     0x802'b5dc     0x10  ssl_srv.o [1]
  .rodata            const     0x802'b5ec     0x10  ssl_tls.o [1]
  .rodata            const     0x802'b5fc     0x10  ssl_tls.o [1]
  .rodata            const     0x802'b60c     0x10  ssl_tls.o [1]
  .rodata            const     0x802'b61c     0x10  ssl_tls.o [1]
  .rodata            const     0x802'b62c     0x10  ssl_tls.o [1]
  .rodata            const     0x802'b63c     0x10  ssl_tls.o [1]
  .rodata            const     0x802'b64c     0x10  ssl_tls.o [1]
  .rodata            const     0x802'b65c     0x10  ssl_tls.o [1]
  .rodata            const     0x802'b66c     0x10  ssl_tls.o [1]
  .rodata            const     0x802'b67c     0x10  ssl_tls.o [1]
  .rodata            const     0x802'b68c     0x10  ssl_tls.o [1]
  .rodata            const     0x802'b69c     0x10  ssl_tls.o [1]
  .rodata            const     0x802'b6ac     0x10  ssl_tls.o [1]
  .rodata            const     0x802'b6bc     0x10  ssl_tls.o [1]
  .rodata            const     0x802'b6cc     0x10  ssl_tls.o [1]
  .rodata            const     0x802'b6dc     0x10  ssl_tls.o [1]
  .rodata            const     0x802'b6ec     0x10  ssl_tls.o [1]
  .rodata            const     0x802'b6fc     0x10  ssl_tls.o [1]
  .rodata            const     0x802'b70c     0x10  ssl_tls.o [1]
  .rodata            const     0x802'b71c     0x10  ssl_tls.o [1]
  .rodata            const     0x802'b72c     0x10  ssl_tls.o [1]
  .rodata            const     0x802'b73c     0x10  ssl_tls.o [1]
  .rodata            const     0x802'b74c     0x10  ssl_tls.o [1]
  .rodata            const     0x802'b75c     0x10  ssl_tls.o [1]
  .rodata            const     0x802'b76c     0x10  ssl_tls.o [1]
  .rodata            const     0x802'b77c     0x10  ssl_tls.o [1]
  .rodata            const     0x802'b78c     0x10  ssl_tls.o [1]
  .rodata            const     0x802'b79c     0x10  ssl_tls.o [1]
  .rodata            const     0x802'b7ac     0x10  ssl_tls.o [1]
  .rodata            const     0x802'b7bc     0x10  ssl_tls.o [1]
  .rodata            const     0x802'b7cc     0x10  system_stm32f4xx.o [1]
  .rodata            const     0x802'b7dc      0xc  agent_tiny_cmd_ioctl.o [1]
  .rodata            const     0x802'b7e8      0xc  agent_tiny_demo.o [1]
  .rodata            const     0x802'b7f4      0xc  agent_tiny_demo.o [1]
  .rodata            const     0x802'b800      0xc  at_hal.o [1]
  .rodata            const     0x802'b80c      0xc  at_main.o [1]
  .rodata            const     0x802'b818      0xc  at_main.o [1]
  .rodata            const     0x802'b824      0xc  at_main.o [1]
  .rodata            const     0x802'b830      0xc  bc95.o [1]
  .rodata            const     0x802'b83c      0xc  bc95.o [1]
  .rodata            const     0x802'b848      0xc  bc95.o [1]
  .rodata            const     0x802'b854      0xc  bc95.o [1]
  .rodata            const     0x802'b860      0xc  bc95.o [1]
  .rodata            const     0x802'b86c      0xc  bc95.o [1]
  .rodata            const     0x802'b878      0xc  bc95.o [1]
  .rodata            const     0x802'b884      0xc  bc95.o [1]
  .rodata            const     0x802'b890      0xc  bc95.o [1]
  .rodata            const     0x802'b89c      0xc  bc95.o [1]
  .rodata            const     0x802'b8a8      0xc  bc95.o [1]
  .rodata            const     0x802'b8b4      0xc  bc95.o [1]
  .rodata            const     0x802'b8c0      0xc  bc95.o [1]
  .rodata            const     0x802'b8cc      0xc  bc95.o [1]
  .rodata            const     0x802'b8d8      0xc  bc95.o [1]
  .rodata            const     0x802'b8e4      0xc  bc95.o [1]
  .rodata            const     0x802'b8f0      0xc  bc95.o [1]
  .rodata            const     0x802'b8fc      0xc  bc95.o [1]
  .rodata            const     0x802'b908      0xc  bc95.o [1]
  .rodata            const     0x802'b914      0xc  bc95.o [1]
  .rodata            const     0x802'b920      0xc  bc95.o [1]
  .rodata            const     0x802'b92c      0xc  bc95.o [1]
  .rodata            const     0x802'b938      0xc  bc95.o [1]
  .rodata            const     0x802'b944      0xc  bc95.o [1]
  .rodata            const     0x802'b950      0xc  bc95.o [1]
  .rodata            const     0x802'b95c      0xc  cipher_wrap.o [1]
  .rodata            const     0x802'b968      0xc  cipher_wrap.o [1]
  .rodata            const     0x802'b974      0xc  cipher_wrap.o [1]
  .rodata            const     0x802'b980      0xc  cipher_wrap.o [1]
  .rodata            const     0x802'b98c      0xc  cipher_wrap.o [1]
[...]
pack_wr_init             0x802'2985   0x10  Code  Gb  package_writer.o [1]
pack_wr_set_device       0x802'29bf    0x4  Code  Gb  package_writer.o [1]
pack_wr_write            0x802'2c23  0x104  Code  Gb  package_writer.o [1]
pack_wr_write::__FUNCTION__
                         0x802'b52c   0x10  Data  Lc  package_writer.o [1]
pack_wr_write_end        0x802'2d59   0x12  Code  Gb  package_writer.o [1]
pack_wr_write_stored_data
                         0x802'2a11   0x3c  Code  Gb  package_writer.o [1]
pack_wr_write_stored_data::__FUNCTION__
                         0x802'a15c   0x1c  Data  Lc  package_writer.o [1]
pack_write_data          0x802'29e7   0x2a  Code  Lc  package_writer.o [1]
pack_write_software      0x802'1ccd   0x38  Code  Lc  package.o [1]
pack_write_software::__FUNCTION__
                         0x802'b078   0x14  Data  Lc  package.o [1]
parse_firmware_uri       0x802'2473   0x9a  Code  Gb  firmware_update.o [1]
prepend_alloc            0x800'ca37  0x346  Code  Lc  dlmalloc.o [2]
printf                   0x800'fac1   0x28  Code  Gb  printf.o [2]
prv_acc_self_auth_check
                         0x801'b483   0x3e  Code  Lc  object_access_control.o [1]
prv_add_ac_val           0x801'b0ad   0x42  Code  Lc  object_access_control.o [1]
prv_auth_match           0x801'b427   0x16  Code  Lc  object_access_control.o [1]
prv_checkFinished        0x801'7ec1   0x72  Code  Lc  transaction.o [1]
prv_check_instance_auth
                         0x801'b43d   0x46  Code  Lc  object_access_control.o [1]
prv_check_time_offset    0x802'00c5   0x9c  Code  Lc  object_device.o [1]
prv_create               0x801'b317   0x66  Code  Lc  object_access_control.o [1]
prv_create               0x802'11ad   0x8c  Code  Lc  object_binary_app_data_container.o [1]
prv_createHeader         0x801'982d   0xc2  Code  Lc  tlv.o [1]
prv_delete               0x801'b2e9   0x2e  Code  Lc  object_access_control.o [1]
prv_delete               0x802'1171   0x3c  Code  Lc  object_binary_app_data_container.o [1]
prv_deleteObservedList   0x801'6b91   0x50  Code  Lc  liblwm2m.o [1]
prv_deleteServer         0x801'6b4d   0x2a  Code  Lc  liblwm2m.o [1]
prv_deleteServerList     0x801'6b77   0x1a  Code  Lc  liblwm2m.o [1]
prv_deleteTransactionList
                         0x801'6be1   0x2a  Code  Gb  liblwm2m.o [1]
prv_destroy_data_buf     0x802'101d   0x42  Code  Lc  object_binary_app_data_container.o [1]
prv_device_discover      0x802'047f   0x80  Code  Lc  object_device.o [1]
prv_device_execute       0x802'05bb   0x5e  Code  Lc  object_device.o [1]
prv_device_read          0x802'040d   0x72  Code  Lc  object_device.o [1]
prv_device_write         0x802'04ff   0xbc  Code  Lc  object_device.o [1]
prv_discover             0x802'10d9   0x56  Code  Lc  object_binary_app_data_container.o [1]
prv_encodeBlock          0x801'5fbf   0x3e  Code  Lc  utils.o [1]
prv_encodeFloat          0x801'96c5   0x5a  Code  Lc  tlv.o [1]
prv_encodeInt            0x801'971f   0x8e  Code  Lc  tlv.o [1]
prv_exec                 0x802'1239   0x78  Code  Lc  object_binary_app_data_container.o [1]
prv_findAttributes       0x801'9e99   0x3e  Code  Lc  discover.o [1]
prv_findObserved         0x801'4ca9   0x38  Code  Lc  observe.o [1]
prv_findServerInstance   0x801'7af1   0x80  Code  Lc  objects.o [1]
prv_findWatcher          0x801'4d0f   0x12  Code  Lc  observe.o [1]
prv_firmware_execute     0x802'0b95   0x32  Code  Lc  object_firmware.o [1]
prv_firmware_read        0x802'09f5  0x13a  Code  Lc  object_firmware.o [1]
prv_firmware_write       0x802'0b2f   0x66  Code  Lc  object_firmware.o [1]
prv_getDataType          0x801'97d7   0x2c  Code  Lc  tlv.o [1]
prv_getHeaderLength      0x801'9803   0x2a  Code  Lc  tlv.o [1]
prv_getHeaderType        0x801'97ad   0x2a  Code  Lc  tlv.o [1]
prv_getLength            0x801'9af1  0x122  Code  Lc  tlv.o [1]
prv_getMandatoryInfo     0x801'7b71   0xb2  Code  Lc  objects.o [1]
prv_getObjectTemplate    0x801'78b7   0x4e  Code  Lc  objects.o [1]
prv_getRegistrationQuery
                         0x801'89cf  0x146  Code  Lc  registration.o [1]
prv_getRegistrationQueryLength
                         0x801'8951   0x7e  Code  Lc  registration.o [1]
prv_getWatcher           0x801'4d21   0xb8  Code  Lc  observe.o [1]
prv_get_acc_instance     0x801'b3e7   0x26  Code  Lc  object_access_control.o [1]
prv_get_acl_instance     0x801'b40d   0x1a  Code  Lc  object_access_control.o [1]
prv_get_srv_cnt          0x801'b573   0x18  Code  Lc  object_access_control.o [1]
prv_get_value            0x801'f755   0xd4  Code  Lc  object_security.o [1]
prv_get_value            0x801'fb71   0x86  Code  Lc  object_server.o [1]
prv_handleDeregistrationReply
                         0x801'8eeb   0x14  Code  Lc  registration.o [1]
prv_handleRegistrationReply
                         0x801'8b15   0x42  Code  Lc  registration.o [1]
prv_handleRegistrationUpdateReply
                         0x801'8cc1   0x2e  Code  Lc  registration.o [1]
prv_init_forbidden       0x801'7303   0x86  Code  Lc  objects.o [1]
prv_isBoostrpEnable      0x801'6c4d    0x4  Code  Lc  liblwm2m.o [1]
prv_location_read        0x802'0d99   0x7c  Code  Lc  object_location.o [1]
prv_output_buffer        0x802'0e95   0xc0  Code  Lc  object_binary_app_data_container.o [1]
prv_parseNumber          0x801'b605   0x4c  Code  Lc  uri.o [1]
prv_post_action_check    0x801'b523   0x50  Code  Lc  object_access_control.o [1]
prv_pre_auth_check       0x801'b4c1   0x62  Code  Lc  object_access_control.o [1]
prv_read                 0x801'afe7   0xc6  Code  Lc  object_access_control.o [1]
prv_read                 0x802'105f   0x7a  Code  Lc  object_binary_app_data_container.o [1]
prv_read                 0x802'088b   0x76  Code  Lc  object_connectivity_moni.o [1]
prv_readAttributes       0x801'b9e1  0x324  Code  Lc  management.o [1]
prv_read_data            0x802'0f69   0xb4  Code  Lc  object_binary_app_data_container.o [1]
prv_refreshServerList    0x801'6dd5   0x6e  Code  Lc  liblwm2m.o [1]
prv_register             0x801'8b57  0x16a  Code  Lc  registration.o [1]
prv_res2tlv              0x802'0c5d  0x13c  Code  Lc  object_location.o [1]
prv_security_read        0x801'f829   0x82  Code  Lc  object_security.o [1]
prv_serializeAttributes
                         0x801'9ed7  0x2d0  Code  Lc  discover.o [1]
prv_serializeLinkData    0x801'a1bd  0x2f6  Code  Lc  discover.o [1]
prv_server_check_binding_valid
                         0x801'fd2b   0x62  Code  Gb  object_server.o [1]
prv_server_create        0x801'ff5b   0x62  Code  Lc  object_server.o [1]
prv_server_delete        0x801'ff35   0x26  Code  Lc  object_server.o [1]
prv_server_discover      0x801'fc79   0x78  Code  Lc  object_server.o [1]
prv_server_execute       0x801'fefb   0x3a  Code  Lc  object_server.o [1]
prv_server_read          0x801'fbf7   0x82  Code  Lc  object_server.o [1]
prv_server_write         0x801'fda5  0x156  Code  Lc  object_server.o [1]
prv_setBuffer            0x801'62bd   0x2c  Code  Lc  data.o [1]
prv_set_int_value        0x801'fcf1   0x3a  Code  Lc  object_server.o [1]
prv_set_tlv              0x801'af49   0x9e  Code  Lc  object_access_control.o [1]
prv_set_value            0x802'06b9  0x1d2  Code  Lc  object_connectivity_moni.o [1]
prv_set_value            0x802'0161  0x2ac  Code  Lc  object_device.o [1]
prv_spi_flash_erase_sector
                         0x802'2f67   0x38  Code  Lc  hal_spi_flash.o [1]
prv_spi_flash_send_byte
                         0x802'2e23   0x36  Code  Lc  hal_spi_flash.o [1]
prv_spi_flash_send_cmd   0x802'2e59   0x42  Code  Lc  hal_spi_flash.o [1]
prv_spi_flash_wait_write_end
                         0x802'2ebf   0x42  Code  Lc  hal_spi_flash.o [1]
prv_spi_flash_write_enable
                         0x802'2e9b   0x24  Code  Lc  hal_spi_flash.o [1]
prv_spi_flash_write_page
                         0x802'2f01   0x66  Code  Lc  hal_spi_flash.o [1]
prv_textSerialize        0x801'6131  0x18c  Code  Lc  data.o [1]
prv_unlinkObserved       0x801'4ce1   0x2e  Code  Lc  observe.o [1]
prv_updateRegistration   0x801'8cef   0xd8  Code  Lc  registration.o [1]
prv_write                0x801'b2db    0xe  Code  Lc  object_access_control.o [1]
prv_write                0x802'112f   0x42  Code  Lc  object_binary_app_data_container.o [1]
prv_write_resources      0x801'b0ef  0x1ec  Code  Lc  object_access_control.o [1]
putchar                  0x802'ae79    0xc  Code  Gb  putchar.o [2]
rbuf                    0x2000'066c  0x400  Data  Gb  at_main.o [1]
read_resp                0x801'1207   0xb6  Code  Gb  at_hal.o [1]
read_resp::__func__      0x802'b800    0xc  Data  Lc  at_hal.o [1]
reboot_check             0x801'ecf3   0x16  Code  Gb  agenttiny.o [1]
record_fw_uri            0x802'23a1   0x4a  Code  Lc  firmware_update.o [1]
registration_deregister
                         0x801'8eff   0x7c  Code  Gb  registration.o [1]
registration_getStatus   0x801'8eb9   0x32  Code  Gb  registration.o [1]
registration_get_registered_server
                         0x801'8f97   0x38  Code  Gb  registration.o [1]
registration_reset       0x801'8f7b   0x1c  Code  Gb  registration.o [1]
registration_start       0x801'8e85   0x34  Code  Gb  registration.o [1]
registration_step        0x801'8fcf   0x92  Code  Gb  registration.o [1]
ri                      0x2000'2158    0x4  Data  Gb  at_hal.o [1]
rsa_prepare_blinding     0x801'd68b   0xf4  Code  Lc  rsa.o [1]
s_pUSART                0x2000'0458    0x4  Data  Lc  at_hal.o [1]
s_uwIRQn                0x2000'045c    0x4  Data  Lc  at_hal.o [1]
save_flag                0x802'19e5   0x1c  Code  Lc  upgrade_flag.o [1]
sec_hand                0x2000'21f0    0x4  Data  Lc  xfail_s.o [2]
segment_holding          0x800'c9b5   0x1a  Code  Lc  dlmalloc.o [2]
set_binary_app_data_object_rpt_max_cnt
                         0x802'13df   0x22  Code  Gb  object_binary_app_data_container.o [1]
set_firmware_update_notify
                         0x802'2469    0xa  Code  Gb  firmware_update.o [1]
sha224_clone_wrap        0x802'69c1    0x8  Code  Lc  md_wrap.o [1]
sha224_ctx_alloc         0x802'6989   0x1c  Code  Lc  md_wrap.o [1]
sha224_ctx_free          0x802'69a5   0x14  Code  Lc  md_wrap.o [1]
sha224_finish_wrap       0x802'6977    0x8  Code  Lc  md_wrap.o [1]
sha224_process_wrap      0x802'69c9    0x8  Code  Lc  md_wrap.o [1]
sha224_starts_wrap       0x802'6965    0xa  Code  Lc  md_wrap.o [1]
sha224_update_wrap       0x802'696f    0x8  Code  Lc  md_wrap.o [1]
sha224_wrap              0x802'697f    0xa  Code  Lc  md_wrap.o [1]
sha256_padding           0x802'70f8   0x40  Data  Lc  sha256.o [1]
sha256_starts_wrap       0x802'69d1    0xa  Code  Lc  md_wrap.o [1]
sha256_wrap              0x802'69db    0xa  Code  Lc  md_wrap.o [1]
snprintf                 0x800'fb45   0x44  Code  Gb  snprintf.o [2]
sockinfo                0x2000'1acc   0xdc  Data  Gb  bc95.o [1]
sprintf                  0x800'fae9   0x40  Code  Gb  sprintf.o [2]
sscanf                   0x800'fb89   0x28  Code  Gb  sscanf.o [2]
ssl_bitmask_check        0x800'215f   0x46  Code  Lc  ssl_tls.o [1]
ssl_bitmask_set          0x800'20e1   0x7e  Code  Lc  ssl_tls.o [1]
ssl_calc_finished_tls_sha256
                         0x800'3391   0xd2  Code  Lc  ssl_tls.o [1]
ssl_calc_verify_tls_sha256
                         0x800'089d   0x72  Code  Lc  ssl_tls.o [1]
ssl_check_ctr_renegotiate
                         0x800'4029   0x7e  Code  Lc  ssl_tls.o [1]
ssl_check_timer          0x800'00f3   0x36  Code  Lc  ssl_tls.o [1]
ssl_ciphersuite_match    0x800'837d   0xd8  Code  Lc  ssl_srv.o [1]
ssl_cookie_check_dummy   0x800'3aa9    0x6  Code  Lc  ssl_tls.o [1]
ssl_cookie_write_dummy   0x800'3aa3    0x6  Code  Lc  ssl_tls.o [1]
ssl_decrypt_buf          0x800'0ea9  0x696  Code  Lc  ssl_tls.o [1]
ssl_double_retransmit_timeout
                         0x800'0129   0x4e  Code  Lc  ssl_tls.o [1]
ssl_dtls_replay_reset    0x800'26df    0xe  Code  Lc  ssl_tls.o [1]
ssl_encrypt_buf          0x800'09f1  0x462  Code  Lc  ssl_tls.o [1]
ssl_ep_len               0x800'00af   0x14  Code  Lc  ssl_tls.o [1]
ssl_flight_append        0x800'1a99   0xb2  Code  Lc  ssl_tls.o [1]
ssl_flight_free          0x800'1b4b   0x20  Code  Lc  ssl_tls.o [1]
ssl_generate_random      0x800'6b5b   0x56  Code  Lc  ssl_cli.o [1]
ssl_handshake_init       0x800'39a3  0x100  Code  Lc  ssl_tls.o [1]
ssl_handshake_params_init
                         0x800'3925   0x2e  Code  Lc  ssl_tls.o [1]
ssl_handshake_wrapup_free_hs_transform
                         0x800'3469   0x60  Code  Lc  ssl_tls.o [1]
ssl_load_six_bytes       0x800'26ed   0x52  Code  Lc  ssl_tls.o [1]
ssl_parse_certificate_request
                         0x800'7c81   0x62  Code  Lc  ssl_cli.o [1]
ssl_parse_certificate_verify
                         0x800'9a3d   0x76  Code  Lc  ssl_srv.o [1]
ssl_parse_client_hello   0x800'8461  0xb54  Code  Lc  ssl_srv.o [1]
ssl_parse_client_key_exchange
                         0x800'98bd  0x178  Code  Lc  ssl_srv.o [1]
ssl_parse_client_psk_identity
                         0x800'976d  0x134  Code  Lc  ssl_srv.o [1]
ssl_parse_hello_verify_request
                         0x800'70f9  0x17c  Code  Lc  ssl_cli.o [1]
ssl_parse_max_fragment_length_ext
                         0x800'70ad   0x4c  Code  Lc  ssl_cli.o [1]
ssl_parse_max_fragment_length_ext
                         0x800'833d   0x40  Code  Lc  ssl_srv.o [1]
ssl_parse_record_header
                         0x800'283f  0x27c  Code  Lc  ssl_tls.o [1]
ssl_parse_renegotiation_info
                         0x800'6fff   0xae  Code  Lc  ssl_cli.o [1]
ssl_parse_renegotiation_info
                         0x800'82b3   0x8a  Code  Lc  ssl_srv.o [1]
ssl_parse_server_hello   0x800'72b1  0x7e4  Code  Lc  ssl_cli.o [1]
ssl_parse_server_hello_done
                         0x800'7cf9   0xc8  Code  Lc  ssl_cli.o [1]
ssl_parse_server_key_exchange
                         0x800'7af5  0x184  Code  Lc  ssl_cli.o [1]
ssl_parse_server_psk_hint
                         0x800'7a9d   0x44  Code  Lc  ssl_cli.o [1]
ssl_prepare_record_content
                         0x800'2ac1   0xb6  Code  Lc  ssl_tls.o [1]
ssl_preset_suiteb_ciphersuites
                        0x2000'0540    0xc  Data  Lc  ssl_tls.o [1]
ssl_reassemble_dtls_handshake
                         0x800'21a5  0x2ea  Code  Lc  ssl_tls.o [1]
ssl_resend_hello_request
                         0x800'1545   0x50  Code  Lc  ssl_tls.o [1]
ssl_reset_retransmit_timeout
                         0x800'0177   0x24  Code  Lc  ssl_tls.o [1]
ssl_set_timer            0x800'00c3   0x30  Code  Lc  ssl_tls.o [1]
ssl_start_renegotiation
                         0x800'3ecd   0x9a  Code  Lc  ssl_tls.o [1]
ssl_swap_epochs          0x800'1b85   0xa2  Code  Lc  ssl_tls.o [1]
ssl_transform_init       0x800'3961   0x32  Code  Lc  ssl_tls.o [1]
ssl_update_checksum_sha256
                         0x800'3385    0xc  Code  Lc  ssl_tls.o [1]
ssl_update_checksum_start
                         0x800'3377    0xc  Code  Lc  ssl_tls.o [1]
ssl_write_certificate_request
                         0x800'95a1   0x80  Code  Lc  ssl_srv.o [1]
ssl_write_certificate_verify
                         0x800'7f6d   0x9a  Code  Lc  ssl_cli.o [1]
ssl_write_client_hello   0x800'6bb1  0x44e  Code  Lc  ssl_cli.o [1]
ssl_write_client_key_exchange
                         0x800'7de5  0x16e  Code  Lc  ssl_cli.o [1]
ssl_write_hello_request
                         0x800'3e57   0x6c  Code  Lc  ssl_tls.o [1]
ssl_write_hello_verify_request
                         0x800'90f1  0x148  Code  Lc  ssl_srv.o [1]
ssl_write_max_fragment_length_ext
                         0x800'6acf   0x8c  Code  Lc  ssl_cli.o [1]
ssl_write_max_fragment_length_ext
                         0x800'9079   0x56  Code  Lc  ssl_srv.o [1]
ssl_write_real           0x800'448d   0xb4  Code  Lc  ssl_tls.o [1]
ssl_write_renegotiation_ext
                         0x800'6a37   0x98  Code  Lc  ssl_cli.o [1]
ssl_write_renegotiation_ext
                         0x800'8fd1   0xa8  Code  Lc  ssl_srv.o [1]
ssl_write_server_hello   0x800'925d  0x33c  Code  Lc  ssl_srv.o [1]
ssl_write_server_hello_done
                         0x800'96d5   0x86  Code  Lc  ssl_srv.o [1]
ssl_write_server_key_exchange
                         0x800'9625   0xa2  Code  Lc  ssl_srv.o [1]
start_firmware_download
                         0x802'250d  0x13c  Code  Gb  firmware_update.o [1]
store_resp_buf           0x800'ef61   0x1e  Code  Gb  at_main.o [1]
str_to_hex               0x800'e023   0x38  Code  Gb  bc95.o [1]
strchr                   0x800'a781         Code  Gb  strchr.o [5]
strlen                   0x800'4ef5         Code  Gb  strlen.o [5]
strncmp                  0x801'4c67   0x28  Code  Gb  strncmp.o [2]
strncpy                  0x800'fbe1         Code  Gb  strncpy.o [5]
strnstr                  0x800'df09   0x36  Code  Gb  bc95.o [1]
strrchr                  0x801'a835   0x1a  Code  Gb  strrchr.o [2]
strstr                   0x800'fbb1   0x30  Code  Gb  strstr.o [2]
strtol                   0x801'2e41    0x4  Code  Gb  iar_Stolx.o [2]
strtoul                  0x801'2f5d    0x2  Code  Gb  iar_Stoulx.o [2]
sys_alloc                0x800'cf75  0x164  Code  Lc  dlmalloc.o [2]
sys_trim                 0x800'd0d9   0x64  Code  Lc  dlmalloc.o [2]
tls_prf_generic          0x800'019b  0x132  Code  Lc  ssl_tls.o [1]
tls_prf_sha256           0x800'02cd   0x20  Code  Lc  ssl_tls.o [1]
tlv_parse                0x801'99eb  0x106  Code  Gb  tlv.o [1]
tlv_serialize            0x801'9c21  0x276  Code  Gb  tlv.o [1]
tmalloc_large            0x800'd149  0x386  Code  Lc  dlmalloc.o [2]
tmalloc_small            0x800'd4cf  0x200  Code  Lc  dlmalloc.o [2]
tmpbuf                  0x2000'0e6c  0x400  Data  Gb  bc95.o [1]
tolower                  0x801'3a31   0x14  Code  Gb  tolower.o [2]
toupper                  0x800'fb29   0x14  Code  Gb  toupper.o [2]
transaction_free         0x801'807d   0x2a  Code  Gb  transaction.o [1]
transaction_handleResponse
                         0x801'80c1  0x10a  Code  Gb  transaction.o [1]
transaction_new          0x801'7f33  0x14a  Code  Gb  transaction.o [1]
transaction_remove       0x801'80a7   0x1a  Code  Gb  transaction.o [1]
transaction_send         0x801'81cb  0x104  Code  Gb  transaction.o [1]
transaction_step         0x801'82d5   0x4c  Code  Gb  transaction.o [1]
update_uri_info          0x802'23eb   0x7e  Code  Lc  firmware_update.o [1]
uri_decode               0x801'b65f  0x176  Code  Gb  uri.o [1]
uri_getNumber            0x801'b651    0xe  Code  Gb  uri.o [1]
uri_toString             0x801'b8e7   0xe8  Code  Gb  uri.o [1]
utils_base64Encode       0x801'6029   0xd0  Code  Gb  utils.o [1]
utils_base64GetSize      0x801'600d   0x1c  Code  Gb  utils.o [1]
utils_convertMediaType   0x801'5ea3   0x50  Code  Gb  utils.o [1]
utils_copyValue          0x801'5fa7   0x18  Code  Gb  utils.o [1]
utils_findServer         0x801'5ef3   0x22  Code  Gb  utils.o [1]
utils_floatToText        0x801'5c9d  0x186  Code  Gb  utils.o [1]
utils_intToText          0x801'5bf9   0xa4  Code  Gb  utils.o [1]
utils_isAltPathValid     0x801'5f15   0x68  Code  Gb  utils.o [1]
utils_stringCopy         0x801'5f7d   0x2a  Code  Gb  utils.o [1]
utils_stringToBinding    0x801'5e35   0x6e  Code  Gb  utils.o [1]
utils_textToFloat        0x801'5ae5  0x10a  Code  Gb  utils.o [1]
utils_textToInt          0x801'5a3d   0xa8  Code  Gb  utils.o [1]
vsnprintf                0x800'9d19   0x3c  Code  Gb  vsnprint.o [2]
wbuf                    0x2000'0a6c  0x400  Data  Gb  at_main.o [1]
wi                      0x2000'2150    0x4  Data  Gb  at_hal.o [1]
wi_bak                  0x2000'2154    0x4  Data  Gb  at_hal.o [1]
write_at_task_msg        0x801'12bd   0x2e  Code  Gb  at_hal.o [1]


[1] = E:\git_newcode\huawei\LiteOS\targets\Cloud_STM32F429IGTx_FIRE\EWARM\Debug\Obj
[2] = dl7M_tlf.a
[3] = hwpatch_iar.a
[4] = m7M_tls.a
[5] = rt7M_tl.a
[6] = shb_l.a

  147 874 bytes of readonly  code memory
   31 917 bytes of readonly  data memory
   11 257 bytes of readwrite data memory

Errors: none
Warnings: none
